GAS LISTING /tmp/ccQK9DDL.s 			page 1


   1               		.file	"commands.c"
   2               	__SP_H__ = 0x3e
   3               	__SP_L__ = 0x3d
   4               	__SREG__ = 0x3f
   5               	__CCP__ = 0x34
   6               	__tmp_reg__ = 0
   7               	__zero_reg__ = 1
   8               		.stabs	"/home/jevans/Dropbox/projects/openlights/hardware/12009_Strip_Controller/firmware/strandco
   9               		.stabs	"src/commands.c",100,0,2,.Ltext0
  10               		.text
  11               	.Ltext0:
  12               		.stabs	"gcc2_compiled.",60,0,0,0
  13               		.stabs	"int:t(0,1)=r(0,1);-32768;32767;",128,0,0,0
  14               		.stabs	"char:t(0,2)=@s8;r(0,2);0;255;",128,0,0,0
  15               		.stabs	"long int:t(0,3)=@s32;r(0,3);020000000000;017777777777;",128,0,0,0
  16               		.stabs	"unsigned int:t(0,4)=r(0,4);0;0177777;",128,0,0,0
  17               		.stabs	"long unsigned int:t(0,5)=@s32;r(0,5);0;037777777777;",128,0,0,0
  18               		.stabs	"long long int:t(0,6)=@s64;r(0,6);01000000000000000000000;0777777777777777777777;",128,0,0,
  19               		.stabs	"long long unsigned int:t(0,7)=@s64;r(0,7);0;01777777777777777777777;",128,0,0,0
  20               		.stabs	"short int:t(0,8)=r(0,8);-32768;32767;",128,0,0,0
  21               		.stabs	"short unsigned int:t(0,9)=r(0,9);0;0177777;",128,0,0,0
  22               		.stabs	"signed char:t(0,10)=@s8;r(0,10);-128;127;",128,0,0,0
  23               		.stabs	"unsigned char:t(0,11)=@s8;r(0,11);0;255;",128,0,0,0
  24               		.stabs	"float:t(0,12)=r(0,1);4;0;",128,0,0,0
  25               		.stabs	"double:t(0,13)=r(0,1);4;0;",128,0,0,0
  26               		.stabs	"long double:t(0,14)=r(0,1);4;0;",128,0,0,0
  27               		.stabs	"void:t(0,15)=(0,15)",128,0,0,0
  28               		.stabs	"/usr/lib/gcc/avr/4.7.0/../../../avr/include/string.h",130,0,0,0
  29               		.stabs	"/usr/lib/gcc/avr/4.7.0/include/stddef.h",130,0,0,0
  30               		.stabs	"size_t:t(2,1)=(0,4)",128,0,213,0
  31               		.stabn	162,0,0,0
  32               		.stabn	162,0,0,0
  33               		.stabs	"src/globals.h",130,0,0,0
  34               		.stabs	"src/asf.h",130,0,0,0
  35               		.stabs	"./src/asf/xmega/drivers/cpu/ccp.h",130,0,0,0
  36               		.stabs	"./src/asf/xmega/utils/compiler.h",130,0,0,0
  37               		.stabs	"/usr/lib/gcc/avr/4.7.0/../../../avr/include/avr/io.h",130,0,0,0
  38               		.stabs	"/usr/lib/gcc/avr/4.7.0/../../../avr/include/avr/sfr_defs.h",130,0,0,0
  39               		.stabs	"/usr/lib/gcc/avr/4.7.0/../../../avr/include/inttypes.h",130,0,0,0
  40               		.stabs	"/usr/lib/gcc/avr/4.7.0/include/stdint.h",130,0,0,0
  41               		.stabs	"/usr/lib/gcc/avr/4.7.0/../../../avr/include/stdint.h",130,0,0,0
  42               		.stabs	"int8_t:t(11,1)=(0,10)",128,0,121,0
  43               		.stabs	"uint8_t:t(11,2)=(0,11)",128,0,122,0
  44               		.stabs	"int16_t:t(11,3)=(0,1)",128,0,123,0
  45               		.stabs	"uint16_t:t(11,4)=(0,4)",128,0,124,0
  46               		.stabs	"int32_t:t(11,5)=(0,3)",128,0,125,0
  47               		.stabs	"uint32_t:t(11,6)=(0,5)",128,0,126,0
  48               		.stabs	"int64_t:t(11,7)=(0,6)",128,0,128,0
  49               		.stabs	"uint64_t:t(11,8)=(0,7)",128,0,129,0
  50               		.stabs	"intptr_t:t(11,9)=(11,3)",128,0,142,0
  51               		.stabs	"uintptr_t:t(11,10)=(11,4)",128,0,147,0
  52               		.stabs	"int_least8_t:t(11,11)=(11,1)",128,0,159,0
  53               		.stabs	"uint_least8_t:t(11,12)=(11,2)",128,0,164,0
  54               		.stabs	"int_least16_t:t(11,13)=(11,3)",128,0,169,0
  55               		.stabs	"uint_least16_t:t(11,14)=(11,4)",128,0,174,0
  56               		.stabs	"int_least32_t:t(11,15)=(11,5)",128,0,179,0
  57               		.stabs	"uint_least32_t:t(11,16)=(11,6)",128,0,184,0
GAS LISTING /tmp/ccQK9DDL.s 			page 2


  58               		.stabs	"int_least64_t:t(11,17)=(11,7)",128,0,192,0
  59               		.stabs	"uint_least64_t:t(11,18)=(11,8)",128,0,199,0
  60               		.stabs	"int_fast8_t:t(11,19)=(11,1)",128,0,213,0
  61               		.stabs	"uint_fast8_t:t(11,20)=(11,2)",128,0,218,0
  62               		.stabs	"int_fast16_t:t(11,21)=(11,3)",128,0,223,0
  63               		.stabs	"uint_fast16_t:t(11,22)=(11,4)",128,0,228,0
  64               		.stabs	"int_fast32_t:t(11,23)=(11,5)",128,0,233,0
  65               		.stabs	"uint_fast32_t:t(11,24)=(11,6)",128,0,238,0
  66               		.stabs	"int_fast64_t:t(11,25)=(11,7)",128,0,246,0
  67               		.stabs	"uint_fast64_t:t(11,26)=(11,8)",128,0,253,0
  68               		.stabs	"intmax_t:t(11,27)=(11,7)",128,0,273,0
  69               		.stabs	"uintmax_t:t(11,28)=(11,8)",128,0,278,0
  70               		.stabn	162,0,0,0
  71               		.stabn	162,0,0,0
  72               		.stabs	"int_farptr_t:t(9,1)=(11,5)",128,0,77,0
  73               		.stabs	"uint_farptr_t:t(9,2)=(11,6)",128,0,81,0
  74               		.stabn	162,0,0,0
  75               		.stabn	162,0,0,0
  76               		.stabs	"/usr/lib/gcc/avr/4.7.0/../../../avr/include/avr/iox32a4.h",130,0,0,0
  77               		.stabs	"register8_t:t(12,1)=(12,2)=B(11,2)",128,0,104,0
  78               		.stabs	"register16_t:t(12,3)=(12,4)=B(11,4)",128,0,105,0
  79               		.stabs	"register32_t:t(12,5)=(12,6)=B(11,6)",128,0,106,0
  80               		.stabs	"OCD_struct:T(12,7)=s2OCDR0:(12,1),0,8;OCDR1:(12,1),8,8;;",128,0,0,0
  81               		.stabs	"OCD_t:t(12,8)=(12,7)",128,0,158,0
  82               		.stabs	"CCP_enum:T(12,9)=@s8;eCCP_SPM_gc:157,CCP_IOREG_gc:216,;",128,0,0,0
  83               		.stabs	"CCP_t:t(12,10)=(12,9)",128,0,166,0
  84               		.stabs	"CLK_struct:T(12,11)=s4CTRL:(12,1),0,8;PSCTRL:(12,1),8,8;LOCK:(12,1),16,8;RTCCTRL:(12,1),24
  85               		.stabs	"CLK_t:t(12,12)=(12,11)",128,0,182,0
  86               		.stabs	"PR_struct:T(12,13)=s7PRGEN:(12,1),0,8;PRPA:(12,1),8,8;PRPB:(12,1),16,8;PRPC:(12,1),24,8;PR
  87               		.stabs	"PR_t:t(12,14)=(12,13)",128,0,200,0
  88               		.stabs	"CLK_SCLKSEL_enum:T(12,15)=@s8;eCLK_SCLKSEL_RC2M_gc:0,CLK_SCLKSEL_RC32M_gc:1,CLK_SCLKSEL_RC
  89               		.stabs	"CLK_SCLKSEL_t:t(12,16)=(12,15)",128,0,210,0
  90               		.stabs	"CLK_PSADIV_enum:T(12,17)=@s8;eCLK_PSADIV_1_gc:0,CLK_PSADIV_2_gc:4,CLK_PSADIV_4_gc:12,CLK_P
  91               		.stabs	"CLK_PSADIV_t:t(12,18)=(12,17)",128,0,225,0
  92               		.stabs	"CLK_PSBCDIV_enum:T(12,19)=@s8;eCLK_PSBCDIV_1_1_gc:0,CLK_PSBCDIV_1_2_gc:1,CLK_PSBCDIV_4_1_g
  93               		.stabs	"CLK_PSBCDIV_t:t(12,20)=(12,19)",128,0,234,0
  94               		.stabs	"CLK_RTCSRC_enum:T(12,21)=@s8;eCLK_RTCSRC_ULP_gc:0,CLK_RTCSRC_TOSC_gc:2,CLK_RTCSRC_RCOSC_gc
  95               		.stabs	"CLK_RTCSRC_t:t(12,22)=(12,21)",128,0,243,0
  96               		.stabs	"SLEEP_struct:T(12,23)=s1CTRL:(12,1),0,8;;",128,0,0,0
  97               		.stabs	"SLEEP_t:t(12,24)=(12,23)",128,0,256,0
  98               		.stabs	"SLEEP_SMODE_enum:T(12,25)=@s8;eSLEEP_SMODE_IDLE_gc:0,SLEEP_SMODE_PDOWN_gc:4,SLEEP_SMODE_PS
  99               		.stabs	"SLEEP_SMODE_t:t(12,26)=(12,25)",128,0,266,0
 100               		.stabs	"OSC_struct:T(12,27)=s7CTRL:(12,1),0,8;STATUS:(12,1),8,8;XOSCCTRL:(12,1),16,8;XOSCFAIL:(12,
 101               		.stabs	"OSC_t:t(12,28)=(12,27)",128,0,285,0
 102               		.stabs	"OSC_FRQRANGE_enum:T(12,29)=@s8;eOSC_FRQRANGE_04TO2_gc:0,OSC_FRQRANGE_2TO9_gc:64,OSC_FRQRAN
 103               		.stabs	"OSC_FRQRANGE_t:t(12,30)=(12,29)",128,0,294,0
 104               		.stabs	"OSC_XOSCSEL_enum:T(12,31)=@s8;eOSC_XOSCSEL_EXTCLK_gc:0,OSC_XOSCSEL_32KHz_gc:2,OSC_XOSCSEL_
 105               		.stabs	"OSC_XOSCSEL_t:t(12,32)=(12,31)",128,0,304,0
 106               		.stabs	"OSC_PLLSRC_enum:T(12,33)=@s8;eOSC_PLLSRC_RC2M_gc:0,OSC_PLLSRC_RC32M_gc:128,OSC_PLLSRC_XOSC
 107               		.stabs	"OSC_PLLSRC_t:t(12,34)=(12,33)",128,0,312,0
 108               		.stabs	"DFLL_struct:T(12,35)=s8CTRL:(12,1),0,8;reserved_0x01:(12,1),8,8;CALA:(12,1),16,8;CALB:(12,
 109               		.stabs	"DFLL_t:t(12,36)=(12,35)",128,0,332,0
 110               		.stabs	"RST_struct:T(12,37)=s2STATUS:(12,1),0,8;CTRL:(12,1),8,8;;",128,0,0,0
 111               		.stabs	"RST_t:t(12,38)=(12,37)",128,0,346,0
 112               		.stabs	"WDT_struct:T(12,39)=s3CTRL:(12,1),0,8;WINCTRL:(12,1),8,8;STATUS:(12,1),16,8;;",128,0,0,0
 113               		.stabs	"WDT_t:t(12,40)=(12,39)",128,0,361,0
 114               		.stabs	"WDT_PER_enum:T(12,41)=@s8;eWDT_PER_8CLK_gc:0,WDT_PER_16CLK_gc:4,WDT_PER_32CLK_gc:8,WDT_PER
GAS LISTING /tmp/ccQK9DDL.s 			page 3


 115               		.stabs	"WDT_PER_t:t(12,42)=(12,41)",128,0,377,0
 116               		.stabs	"WDT_WPER_enum:T(12,43)=@s8;eWDT_WPER_8CLK_gc:0,WDT_WPER_16CLK_gc:4,WDT_WPER_32CLK_gc:8,WDT
 117               		.stabs	"WDT_WPER_t:t(12,44)=(12,43)",128,0,393,0
 118               		.stabs	"MCU_struct:T(12,45)=s12DEVID0:(12,1),0,8;DEVID1:(12,1),8,8;DEVID2:(12,1),16,8;REVID:(12,1)
 119               		.stabs	"MCU_t:t(12,46)=(12,45)",128,0,417,0
 120               		.stabs	"PMIC_struct:T(12,47)=s3STATUS:(12,1),0,8;INTPRI:(12,1),8,8;CTRL:(12,1),16,8;;",128,0,0,0
 121               		.stabs	"PMIC_t:t(12,48)=(12,47)",128,0,432,0
 122               		.stabs	"DMA_CH_struct:T(12,49)=s16CTRLA:(12,1),0,8;CTRLB:(12,1),8,8;ADDRCTRL:(12,1),16,8;TRIGSRC:(
 123               		.stabs	"DMA_CH_t:t(12,52)=(12,49)",128,0,459,0
 124               		.stabs	"DMA_struct:T(12,53)=s80CTRL:(12,1),0,8;reserved_0x01:(12,1),8,8;reserved_0x02:(12,1),16,8;
 125               		.stabs	"DMA_t:t(12,56)=(12,53)",128,0,489,0
 126               		.stabs	"DMA_CH_BURSTLEN_enum:T(12,57)=@s8;eDMA_CH_BURSTLEN_1BYTE_gc:0,DMA_CH_BURSTLEN_2BYTE_gc:1,D
 127               		.stabs	"DMA_CH_BURSTLEN_t:t(12,58)=(12,57)",128,0,498,0
 128               		.stabs	"DMA_CH_SRCRELOAD_enum:T(12,59)=@s8;eDMA_CH_SRCRELOAD_NONE_gc:0,DMA_CH_SRCRELOAD_BLOCK_gc:6
 129               		.stabs	"DMA_CH_SRCRELOAD_t:t(12,60)=(12,59)",128,0,507,0
 130               		.stabs	"DMA_CH_SRCDIR_enum:T(12,61)=@s8;eDMA_CH_SRCDIR_FIXED_gc:0,DMA_CH_SRCDIR_INC_gc:16,DMA_CH_S
 131               		.stabs	"DMA_CH_SRCDIR_t:t(12,62)=(12,61)",128,0,515,0
 132               		.stabs	"DMA_CH_DESTRELOAD_enum:T(12,63)=@s8;eDMA_CH_DESTRELOAD_NONE_gc:0,DMA_CH_DESTRELOAD_BLOCK_g
 133               		.stabs	"DMA_CH_DESTRELOAD_t:t(12,64)=(12,63)",128,0,524,0
 134               		.stabs	"DMA_CH_DESTDIR_enum:T(12,65)=@s8;eDMA_CH_DESTDIR_FIXED_gc:0,DMA_CH_DESTDIR_INC_gc:1,DMA_CH
 135               		.stabs	"DMA_CH_DESTDIR_t:t(12,66)=(12,65)",128,0,532,0
 136               		.stabs	"DMA_CH_TRIGSRC_enum:T(12,67)=@s8;eDMA_CH_TRIGSRC_OFF_gc:0,DMA_CH_TRIGSRC_EVSYS_CH0_gc:1,DM
 137               		.stabs	"DMA_CH_TRIGSRC_t:t(12,68)=(12,67)",128,0,615,0
 138               		.stabs	"DMA_DBUFMODE_enum:T(12,69)=@s8;eDMA_DBUFMODE_DISABLED_gc:0,DMA_DBUFMODE_CH01_gc:4,DMA_DBUF
 139               		.stabs	"DMA_DBUFMODE_t:t(12,70)=(12,69)",128,0,624,0
 140               		.stabs	"DMA_PRIMODE_enum:T(12,71)=@s8;eDMA_PRIMODE_RR0123_gc:0,DMA_PRIMODE_CH0RR123_gc:1,DMA_PRIMO
 141               		.stabs	"DMA_PRIMODE_t:t(12,72)=(12,71)",128,0,633,0
 142               		.stabs	"DMA_CH_ERRINTLVL_enum:T(12,73)=@s8;eDMA_CH_ERRINTLVL_OFF_gc:0,DMA_CH_ERRINTLVL_LO_gc:4,DMA
 143               		.stabs	"DMA_CH_ERRINTLVL_t:t(12,74)=(12,73)",128,0,642,0
 144               		.stabs	"DMA_CH_TRNINTLVL_enum:T(12,75)=@s8;eDMA_CH_TRNINTLVL_OFF_gc:0,DMA_CH_TRNINTLVL_LO_gc:1,DMA
 145               		.stabs	"DMA_CH_TRNINTLVL_t:t(12,76)=(12,75)",128,0,651,0
 146               		.stabs	"EVSYS_struct:T(12,77)=s18CH0MUX:(12,1),0,8;CH1MUX:(12,1),8,8;CH2MUX:(12,1),16,8;CH3MUX:(12
 147               		.stabs	"EVSYS_t:t(12,78)=(12,77)",128,0,681,0
 148               		.stabs	"EVSYS_QDIRM_enum:T(12,79)=@s8;eEVSYS_QDIRM_00_gc:0,EVSYS_QDIRM_01_gc:32,EVSYS_QDIRM_10_gc:
 149               		.stabs	"EVSYS_QDIRM_t:t(12,80)=(12,79)",128,0,690,0
 150               		.stabs	"EVSYS_DIGFILT_enum:T(12,81)=@s8;eEVSYS_DIGFILT_1SAMPLE_gc:0,EVSYS_DIGFILT_2SAMPLES_gc:1,EV
 151               		.stabs	"EVSYS_DIGFILT_t:t(12,82)=(12,81)",128,0,703,0
 152               		.stabs	"EVSYS_CHMUX_enum:T(12,83)=@s8;eEVSYS_CHMUX_OFF_gc:0,EVSYS_CHMUX_RTC_OVF_gc:8,EVSYS_CHMUX_R
 153               		.stabs	"EVSYS_CHMUX_t:t(12,84)=(12,83)",128,0,829,0
 154               		.stabs	"NVM_struct:T(12,85)=s17ADDR0:(12,1),0,8;ADDR1:(12,1),8,8;ADDR2:(12,1),16,8;reserved_0x03:(
 155               		.stabs	"NVM_t:t(12,86)=(12,85)",128,0,858,0
 156               		.stabs	"NVM_LOCKBITS_struct:T(12,87)=s1LOCKBITS:(12,1),0,8;;",128,0,0,0
 157               		.stabs	"NVM_LOCKBITS_t:t(12,88)=(12,87)",128,0,870,0
 158               		.stabs	"NVM_FUSES_struct:T(12,89)=s6FUSEBYTE0:(12,1),0,8;FUSEBYTE1:(12,1),8,8;FUSEBYTE2:(12,1),16,
 159               		.stabs	"NVM_FUSES_t:t(12,90)=(12,89)",128,0,887,0
 160               		.stabs	"NVM_PROD_SIGNATURES_struct:T(12,91)=s63RCOSC2M:(12,1),0,8;reserved_0x01:(12,1),8,8;RCOSC32
 161               		.stabs	"NVM_PROD_SIGNATURES_t:t(12,92)=(12,91)",128,0,961,0
 162               		.stabs	"NVM_CMD_enum:T(12,93)=@s8;eNVM_CMD_NO_OPERATION_gc:0,NVM_CMD_READ_CALIB_ROW_gc:2,NVM_CMD_R
 163               		.stabs	"NVM_CMD_t:t(12,94)=(12,93)",128,0,992,0
 164               		.stabs	"NVM_SPMLVL_enum:T(12,95)=@s8;eNVM_SPMLVL_OFF_gc:0,NVM_SPMLVL_LO_gc:4,NVM_SPMLVL_MED_gc:8,N
 165               		.stabs	"NVM_SPMLVL_t:t(12,96)=(12,95)",128,0,1001,0
 166               		.stabs	"NVM_EELVL_enum:T(12,97)=@s8;eNVM_EELVL_OFF_gc:0,NVM_EELVL_LO_gc:1,NVM_EELVL_MED_gc:2,NVM_E
 167               		.stabs	"NVM_EELVL_t:t(12,98)=(12,97)",128,0,1010,0
 168               		.stabs	"NVM_BLBB_enum:T(12,99)=@s8;eNVM_BLBB_NOLOCK_gc:192,NVM_BLBB_WLOCK_gc:128,NVM_BLBB_RLOCK_gc
 169               		.stabs	"NVM_BLBB_t:t(12,100)=(12,99)",128,0,1019,0
 170               		.stabs	"NVM_BLBA_enum:T(12,101)=@s8;eNVM_BLBA_NOLOCK_gc:48,NVM_BLBA_WLOCK_gc:32,NVM_BLBA_RLOCK_gc:
 171               		.stabs	"NVM_BLBA_t:t(12,102)=(12,101)",128,0,1028,0
GAS LISTING /tmp/ccQK9DDL.s 			page 4


 172               		.stabs	"NVM_BLBAT_enum:T(12,103)=@s8;eNVM_BLBAT_NOLOCK_gc:12,NVM_BLBAT_WLOCK_gc:8,NVM_BLBAT_RLOCK_
 173               		.stabs	"NVM_BLBAT_t:t(12,104)=(12,103)",128,0,1037,0
 174               		.stabs	"NVM_LB_enum:T(12,105)=@s8;eNVM_LB_NOLOCK_gc:3,NVM_LB_WLOCK_gc:2,NVM_LB_RWLOCK_gc:0,;",128,
 175               		.stabs	"NVM_LB_t:t(12,106)=(12,105)",128,0,1045,0
 176               		.stabs	"BOOTRST_enum:T(12,107)=@s8;eBOOTRST_BOOTLDR_gc:0,BOOTRST_APPLICATION_gc:64,;",128,0,0,0
 177               		.stabs	"BOOTRST_t:t(12,108)=(12,107)",128,0,1052,0
 178               		.stabs	"BOD_enum:T(12,109)=@s8;eBOD_INSAMPLEDMODE_gc:1,BOD_CONTINOUSLY_gc:2,BOD_DISABLED_gc:3,;",1
 179               		.stabs	"BOD_t:t(12,110)=(12,109)",128,0,1060,0
 180               		.stabs	"WD_enum:T(12,111)=@s8;eWD_8CLK_gc:0,WD_16CLK_gc:16,WD_32CLK_gc:32,WD_64CLK_gc:48,WD_128CLK
 181               		.stabs	"WD_t:t(12,112)=(12,111)",128,0,1076,0
 182               		.stabs	"SUT_enum:T(12,113)=@s8;eSUT_0MS_gc:12,SUT_4MS_gc:4,SUT_64MS_gc:0,;",128,0,0,0
 183               		.stabs	"SUT_t:t(12,114)=(12,113)",128,0,1084,0
 184               		.stabs	"BODLVL_enum:T(12,115)=@s8;eBODLVL_1V6_gc:7,BODLVL_1V9_gc:6,BODLVL_2V1_gc:5,BODLVL_2V4_gc:4
 185               		.stabs	"BODLVL_t:t(12,116)=(12,115)",128,0,1096,0
 186               		.stabs	"AC_struct:T(12,117)=s8AC0CTRL:(12,1),0,8;AC1CTRL:(12,1),8,8;AC0MUXCTRL:(12,1),16,8;AC1MUXC
 187               		.stabs	"AC_t:t(12,118)=(12,117)",128,0,1116,0
 188               		.stabs	"AC_INTMODE_enum:T(12,119)=@s8;eAC_INTMODE_BOTHEDGES_gc:0,AC_INTMODE_FALLING_gc:128,AC_INTM
 189               		.stabs	"AC_INTMODE_t:t(12,120)=(12,119)",128,0,1124,0
 190               		.stabs	"AC_INTLVL_enum:T(12,121)=@s8;eAC_INTLVL_OFF_gc:0,AC_INTLVL_LO_gc:16,AC_INTLVL_MED_gc:32,AC
 191               		.stabs	"AC_INTLVL_t:t(12,122)=(12,121)",128,0,1133,0
 192               		.stabs	"AC_HYSMODE_enum:T(12,123)=@s8;eAC_HYSMODE_NO_gc:0,AC_HYSMODE_SMALL_gc:2,AC_HYSMODE_LARGE_g
 193               		.stabs	"AC_HYSMODE_t:t(12,124)=(12,123)",128,0,1141,0
 194               		.stabs	"AC_MUXPOS_enum:T(12,125)=@s8;eAC_MUXPOS_PIN0_gc:0,AC_MUXPOS_PIN1_gc:8,AC_MUXPOS_PIN2_gc:16
 195               		.stabs	"AC_MUXPOS_t:t(12,126)=(12,125)",128,0,1154,0
 196               		.stabs	"AC_MUXNEG_enum:T(12,127)=@s8;eAC_MUXNEG_PIN0_gc:0,AC_MUXNEG_PIN1_gc:1,AC_MUXNEG_PIN3_gc:2,
 197               		.stabs	"AC_MUXNEG_t:t(12,128)=(12,127)",128,0,1167,0
 198               		.stabs	"AC_WINTMODE_enum:T(12,129)=@s8;eAC_WINTMODE_ABOVE_gc:0,AC_WINTMODE_INSIDE_gc:4,AC_WINTMODE
 199               		.stabs	"AC_WINTMODE_t:t(12,130)=(12,129)",128,0,1176,0
 200               		.stabs	"AC_WINTLVL_enum:T(12,131)=@s8;eAC_WINTLVL_OFF_gc:0,AC_WINTLVL_LO_gc:1,AC_WINTLVL_MED_gc:2,
 201               		.stabs	"AC_WINTLVL_t:t(12,132)=(12,131)",128,0,1185,0
 202               		.stabs	"AC_WSTATE_enum:T(12,133)=@s8;eAC_WSTATE_ABOVE_gc:0,AC_WSTATE_INSIDE_gc:64,AC_WSTATE_BELOW_
 203               		.stabs	"AC_WSTATE_t:t(12,134)=(12,133)",128,0,1193,0
 204               		.stabs	"ADC_CH_struct:T(12,135)=s8CTRL:(12,1),0,8;MUXCTRL:(12,1),8,8;INTCTRL:(12,1),16,8;INTFLAGS:
 205               		.stabs	"ADC_CH_t:t(12,138)=(12,135)",128,0,1212,0
 206               		.stabs	"ADC_struct:T(12,139)=s64CTRLA:(12,1),0,8;CTRLB:(12,1),8,8;REFCTRL:(12,1),16,8;EVCTRL:(12,1
 207               		.stabs	"ADC_t:t(12,152)=(12,139)",128,0,1253,0
 208               		.stabs	"ADC_CH_MUXPOS_enum:T(12,153)=@s8;eADC_CH_MUXPOS_PIN0_gc:0,ADC_CH_MUXPOS_PIN1_gc:8,ADC_CH_M
 209               		.stabs	"ADC_CH_MUXPOS_t:t(12,154)=(12,153)",128,0,1266,0
 210               		.stabs	"ADC_CH_MUXINT_enum:T(12,155)=@s8;eADC_CH_MUXINT_TEMP_gc:0,ADC_CH_MUXINT_BANDGAP_gc:8,ADC_C
 211               		.stabs	"ADC_CH_MUXINT_t:t(12,156)=(12,155)",128,0,1275,0
 212               		.stabs	"ADC_CH_MUXNEG_enum:T(12,157)=@s8;eADC_CH_MUXNEG_PIN0_gc:0,ADC_CH_MUXNEG_PIN1_gc:1,ADC_CH_M
 213               		.stabs	"ADC_CH_MUXNEG_t:t(12,158)=(12,157)",128,0,1288,0
 214               		.stabs	"ADC_CH_INPUTMODE_enum:T(12,159)=@s8;eADC_CH_INPUTMODE_INTERNAL_gc:0,ADC_CH_INPUTMODE_SINGL
 215               		.stabs	"ADC_CH_INPUTMODE_t:t(12,160)=(12,159)",128,0,1297,0
 216               		.stabs	"ADC_CH_GAIN_enum:T(12,161)=@s8;eADC_CH_GAIN_1X_gc:0,ADC_CH_GAIN_2X_gc:4,ADC_CH_GAIN_4X_gc:
 217               		.stabs	"ADC_CH_GAIN_t:t(12,162)=(12,161)",128,0,1309,0
 218               		.stabs	"ADC_RESOLUTION_enum:T(12,163)=@s8;eADC_RESOLUTION_12BIT_gc:0,ADC_RESOLUTION_8BIT_gc:4,ADC_
 219               		.stabs	"ADC_RESOLUTION_t:t(12,164)=(12,163)",128,0,1317,0
 220               		.stabs	"ADC_REFSEL_enum:T(12,165)=@s8;eADC_REFSEL_INT1V_gc:0,ADC_REFSEL_VCC_gc:16,ADC_REFSEL_AREFA
 221               		.stabs	"ADC_REFSEL_t:t(12,166)=(12,165)",128,0,1326,0
 222               		.stabs	"ADC_SWEEP_enum:T(12,167)=@s8;eADC_SWEEP_0_gc:0,ADC_SWEEP_01_gc:64,ADC_SWEEP_012_gc:128,ADC
 223               		.stabs	"ADC_SWEEP_t:t(12,168)=(12,167)",128,0,1335,0
 224               		.stabs	"ADC_EVSEL_enum:T(12,169)=@s8;eADC_EVSEL_0123_gc:0,ADC_EVSEL_1234_gc:8,ADC_EVSEL_2345_gc:16
 225               		.stabs	"ADC_EVSEL_t:t(12,170)=(12,169)",128,0,1348,0
 226               		.stabs	"ADC_EVACT_enum:T(12,171)=@s8;eADC_EVACT_NONE_gc:0,ADC_EVACT_CH0_gc:1,ADC_EVACT_CH01_gc:2,A
 227               		.stabs	"ADC_EVACT_t:t(12,172)=(12,171)",128,0,1360,0
 228               		.stabs	"ADC_CH_INTMODE_enum:T(12,173)=@s8;eADC_CH_INTMODE_COMPLETE_gc:0,ADC_CH_INTMODE_BELOW_gc:4,
GAS LISTING /tmp/ccQK9DDL.s 			page 5


 229               		.stabs	"ADC_CH_INTMODE_t:t(12,174)=(12,173)",128,0,1368,0
 230               		.stabs	"ADC_CH_INTLVL_enum:T(12,175)=@s8;eADC_CH_INTLVL_OFF_gc:0,ADC_CH_INTLVL_LO_gc:1,ADC_CH_INTL
 231               		.stabs	"ADC_CH_INTLVL_t:t(12,176)=(12,175)",128,0,1377,0
 232               		.stabs	"ADC_DMASEL_enum:T(12,177)=@s8;eADC_DMASEL_OFF_gc:0,ADC_DMASEL_CH01_gc:64,ADC_DMASEL_CH012_
 233               		.stabs	"ADC_DMASEL_t:t(12,178)=(12,177)",128,0,1386,0
 234               		.stabs	"ADC_PRESCALER_enum:T(12,179)=@s8;eADC_PRESCALER_DIV4_gc:0,ADC_PRESCALER_DIV8_gc:1,ADC_PRES
 235               		.stabs	"ADC_PRESCALER_t:t(12,180)=(12,179)",128,0,1399,0
 236               		.stabs	"DAC_struct:T(12,181)=s28CTRLA:(12,1),0,8;CTRLB:(12,1),8,8;CTRLC:(12,1),16,8;EVCTRL:(12,1),
 237               		.stabs	"DAC_t:t(12,186)=(12,181)",128,0,1437,0
 238               		.stabs	"DAC_CHSEL_enum:T(12,187)=@s8;eDAC_CHSEL_SINGLE_gc:0,DAC_CHSEL_DUAL_gc:64,;",128,0,0,0
 239               		.stabs	"DAC_CHSEL_t:t(12,188)=(12,187)",128,0,1444,0
 240               		.stabs	"DAC_REFSEL_enum:T(12,189)=@s8;eDAC_REFSEL_INT1V_gc:0,DAC_REFSEL_AVCC_gc:8,DAC_REFSEL_AREFA
 241               		.stabs	"DAC_REFSEL_t:t(12,190)=(12,189)",128,0,1453,0
 242               		.stabs	"DAC_EVSEL_enum:T(12,191)=@s8;eDAC_EVSEL_0_gc:0,DAC_EVSEL_1_gc:1,DAC_EVSEL_2_gc:2,DAC_EVSEL
 243               		.stabs	"DAC_EVSEL_t:t(12,192)=(12,191)",128,0,1466,0
 244               		.stabs	"DAC_CONINTVAL_enum:T(12,193)=@s8;eDAC_CONINTVAL_1CLK_gc:0,DAC_CONINTVAL_2CLK_gc:16,DAC_CON
 245               		.stabs	"DAC_CONINTVAL_t:t(12,194)=(12,193)",128,0,1479,0
 246               		.stabs	"DAC_REFRESH_enum:T(12,195)=@s8;eDAC_REFRESH_16CLK_gc:0,DAC_REFRESH_32CLK_gc:1,DAC_REFRESH_
 247               		.stabs	"DAC_REFRESH_t:t(12,196)=(12,195)",128,0,1498,0
 248               		.stabs	"RTC_struct:T(12,197)=s14CTRL:(12,1),0,8;STATUS:(12,1),8,8;INTCTRL:(12,1),16,8;INTFLAGS:(12
 249               		.stabs	"RTC_t:t(12,204)=(12,197)",128,0,1521,0
 250               		.stabs	"RTC_PRESCALER_enum:T(12,205)=@s8;eRTC_PRESCALER_OFF_gc:0,RTC_PRESCALER_DIV1_gc:1,RTC_PRESC
 251               		.stabs	"RTC_PRESCALER_t:t(12,206)=(12,205)",128,0,1534,0
 252               		.stabs	"RTC_COMPINTLVL_enum:T(12,207)=@s8;eRTC_COMPINTLVL_OFF_gc:0,RTC_COMPINTLVL_LO_gc:4,RTC_COMP
 253               		.stabs	"RTC_COMPINTLVL_t:t(12,208)=(12,207)",128,0,1543,0
 254               		.stabs	"RTC_OVFINTLVL_enum:T(12,209)=@s8;eRTC_OVFINTLVL_OFF_gc:0,RTC_OVFINTLVL_LO_gc:1,RTC_OVFINTL
 255               		.stabs	"RTC_OVFINTLVL_t:t(12,210)=(12,209)",128,0,1552,0
 256               		.stabs	"EBI_CS_struct:T(12,211)=s4CTRLA:(12,1),0,8;CTRLB:(12,1),8,8;:(12,212)=u2BASEADDR:(12,3),0,
 257               		.stabs	"EBI_CS_t:t(12,214)=(12,211)",128,0,1567,0
 258               		.stabs	"EBI_struct:T(12,215)=s32CTRL:(12,1),0,8;SDRAMCTRLA:(12,1),8,8;reserved_0x02:(12,1),16,8;re
 259               		.stabs	"EBI_t:t(12,220)=(12,215)",128,0,1596,0
 260               		.stabs	"EBI_CS_ASIZE_enum:T(12,221)=@s8;eEBI_CS_ASIZE_256B_gc:0,EBI_CS_ASIZE_512B_gc:4,EBI_CS_ASIZ
 261               		.stabs	"EBI_CS_ASIZE_t:t(12,222)=(12,221)",128,0,1618,0
 262               		.stabs	"EBI_CS_SRWS_enum:T(12,223)=@s8;eEBI_CS_SRWS_0CLK_gc:0,EBI_CS_SRWS_1CLK_gc:1,EBI_CS_SRWS_2C
 263               		.stabs	"EBI_CS_SRWS_t:t(12,224)=(12,223)",128,0,1631,0
 264               		.stabs	"EBI_CS_MODE_enum:T(12,225)=@s8;eEBI_CS_MODE_DISABLED_gc:0,EBI_CS_MODE_SRAM_gc:1,EBI_CS_MOD
 265               		.stabs	"EBI_CS_MODE_t:t(12,226)=(12,225)",128,0,1640,0
 266               		.stabs	"EBI_CS_SDMODE_enum:T(12,227)=@s8;eEBI_CS_SDMODE_NORMAL_gc:0,EBI_CS_SDMODE_LOAD_gc:1,;",128
 267               		.stabs	"EBI_CS_SDMODE_t:t(12,228)=(12,227)",128,0,1647,0
 268               		.stabs	"EBI_SDDATAW_enum:T(12,229)=@s8;eEBI_SDDATAW_4BIT_gc:0,EBI_SDDATAW_8BIT_gc:64,;",128,0,0,0
 269               		.stabs	"EBI_SDDATAW_t:t(12,230)=(12,229)",128,0,1654,0
 270               		.stabs	"EBI_LPCMODE_enum:T(12,231)=@s8;eEBI_LPCMODE_ALE1_gc:0,EBI_LPCMODE_ALE12_gc:32,;",128,0,0,0
 271               		.stabs	"EBI_LPCMODE_t:t(12,232)=(12,231)",128,0,1661,0
 272               		.stabs	"EBI_SRMODE_enum:T(12,233)=@s8;eEBI_SRMODE_ALE1_gc:0,EBI_SRMODE_ALE2_gc:4,EBI_SRMODE_ALE12_
 273               		.stabs	"EBI_SRMODE_t:t(12,234)=(12,233)",128,0,1670,0
 274               		.stabs	"EBI_IFMODE_enum:T(12,235)=@s8;eEBI_IFMODE_DISABLED_gc:0,EBI_IFMODE_3PORT_gc:1,EBI_IFMODE_4
 275               		.stabs	"EBI_IFMODE_t:t(12,236)=(12,235)",128,0,1679,0
 276               		.stabs	"EBI_SDCOL_enum:T(12,237)=@s8;eEBI_SDCOL_8BIT_gc:0,EBI_SDCOL_9BIT_gc:1,EBI_SDCOL_10BIT_gc:2
 277               		.stabs	"EBI_SDCOL_t:t(12,238)=(12,237)",128,0,1688,0
 278               		.stabs	"EBI_MRDLY_enum:T(12,239)=@s8;eEBI_MRDLY_0CLK_gc:0,EBI_MRDLY_1CLK_gc:64,EBI_MRDLY_2CLK_gc:1
 279               		.stabs	"EBI_MRDLY_t:t(12,240)=(12,239)",128,0,1697,0
 280               		.stabs	"EBI_ROWCYCDLY_enum:T(12,241)=@s8;eEBI_ROWCYCDLY_0CLK_gc:0,EBI_ROWCYCDLY_1CLK_gc:8,EBI_ROWC
 281               		.stabs	"EBI_ROWCYCDLY_t:t(12,242)=(12,241)",128,0,1710,0
 282               		.stabs	"EBI_RPDLY_enum:T(12,243)=@s8;eEBI_RPDLY_0CLK_gc:0,EBI_RPDLY_1CLK_gc:1,EBI_RPDLY_2CLK_gc:2,
 283               		.stabs	"EBI_RPDLY_t:t(12,244)=(12,243)",128,0,1723,0
 284               		.stabs	"EBI_WRDLY_enum:T(12,245)=@s8;eEBI_WRDLY_0CLK_gc:0,EBI_WRDLY_1CLK_gc:64,EBI_WRDLY_2CLK_gc:1
 285               		.stabs	"EBI_WRDLY_t:t(12,246)=(12,245)",128,0,1732,0
GAS LISTING /tmp/ccQK9DDL.s 			page 6


 286               		.stabs	"EBI_ESRDLY_enum:T(12,247)=@s8;eEBI_ESRDLY_0CLK_gc:0,EBI_ESRDLY_1CLK_gc:8,EBI_ESRDLY_2CLK_g
 287               		.stabs	"EBI_ESRDLY_t:t(12,248)=(12,247)",128,0,1745,0
 288               		.stabs	"EBI_ROWCOLDLY_enum:T(12,249)=@s8;eEBI_ROWCOLDLY_0CLK_gc:0,EBI_ROWCOLDLY_1CLK_gc:1,EBI_ROWC
 289               		.stabs	"EBI_ROWCOLDLY_t:t(12,250)=(12,249)",128,0,1758,0
 290               		.stabs	"TWI_MASTER_struct:T(12,251)=s7CTRLA:(12,1),0,8;CTRLB:(12,1),8,8;CTRLC:(12,1),16,8;STATUS:(
 291               		.stabs	"TWI_MASTER_t:t(12,252)=(12,251)",128,0,1777,0
 292               		.stabs	"TWI_SLAVE_struct:T(12,253)=s6CTRLA:(12,1),0,8;CTRLB:(12,1),8,8;STATUS:(12,1),16,8;ADDR:(12
 293               		.stabs	"TWI_SLAVE_t:t(12,254)=(12,253)",128,0,1794,0
 294               		.stabs	"TWI_struct:T(12,255)=s14CTRL:(12,1),0,8;MASTER:(12,252),8,56;SLAVE:(12,254),64,48;;",128,0
 295               		.stabs	"TWI_t:t(12,256)=(12,255)",128,0,1808,0
 296               		.stabs	"TWI_MASTER_INTLVL_enum:T(12,257)=@s8;eTWI_MASTER_INTLVL_OFF_gc:0,TWI_MASTER_INTLVL_LO_gc:6
 297               		.stabs	"TWI_MASTER_INTLVL_t:t(12,258)=(12,257)",128,0,1817,0
 298               		.stabs	"TWI_MASTER_TIMEOUT_enum:T(12,259)=@s8;eTWI_MASTER_TIMEOUT_DISABLED_gc:0,TWI_MASTER_TIMEOUT
 299               		.stabs	"TWI_MASTER_TIMEOUT_t:t(12,260)=(12,259)",128,0,1826,0
 300               		.stabs	"TWI_MASTER_CMD_enum:T(12,261)=@s8;eTWI_MASTER_CMD_NOACT_gc:0,TWI_MASTER_CMD_REPSTART_gc:1,
 301               		.stabs	"TWI_MASTER_CMD_t:t(12,262)=(12,261)",128,0,1835,0
 302               		.stabs	"TWI_MASTER_BUSSTATE_enum:T(12,263)=@s8;eTWI_MASTER_BUSSTATE_UNKNOWN_gc:0,TWI_MASTER_BUSSTA
 303               		.stabs	"TWI_MASTER_BUSSTATE_t:t(12,264)=(12,263)",128,0,1844,0
 304               		.stabs	"TWI_SLAVE_INTLVL_enum:T(12,265)=@s8;eTWI_SLAVE_INTLVL_OFF_gc:0,TWI_SLAVE_INTLVL_LO_gc:64,T
 305               		.stabs	"TWI_SLAVE_INTLVL_t:t(12,266)=(12,265)",128,0,1853,0
 306               		.stabs	"TWI_SLAVE_CMD_enum:T(12,267)=@s8;eTWI_SLAVE_CMD_NOACT_gc:0,TWI_SLAVE_CMD_COMPTRANS_gc:2,TW
 307               		.stabs	"TWI_SLAVE_CMD_t:t(12,268)=(12,267)",128,0,1861,0
 308               		.stabs	"PORTCFG_struct:T(12,269)=s5MPCMASK:(12,1),0,8;reserved_0x01:(12,1),8,8;VPCTRLA:(12,1),16,8
 309               		.stabs	"PORTCFG_t:t(12,270)=(12,269)",128,0,1878,0
 310               		.stabs	"VPORT_struct:T(12,271)=s4DIR:(12,1),0,8;OUT:(12,1),8,8;IN:(12,1),16,8;INTFLAGS:(12,1),24,8
 311               		.stabs	"VPORT_t:t(12,272)=(12,271)",128,0,1893,0
 312               		.stabs	"PORT_struct:T(12,273)=s24DIR:(12,1),0,8;DIRSET:(12,1),8,8;DIRCLR:(12,1),16,8;DIRTGL:(12,1)
 313               		.stabs	"PORT_t:t(12,274)=(12,273)",128,0,1928,0
 314               		.stabs	"PORTCFG_VP0MAP_enum:T(12,275)=@s8;ePORTCFG_VP0MAP_PORTA_gc:0,PORTCFG_VP0MAP_PORTB_gc:1,POR
 315               		.stabs	"PORTCFG_VP0MAP_t:t(12,276)=(12,275)",128,0,1949,0
 316               		.stabs	"PORTCFG_VP1MAP_enum:T(12,277)=@s8;ePORTCFG_VP1MAP_PORTA_gc:0,PORTCFG_VP1MAP_PORTB_gc:16,PO
 317               		.stabs	"PORTCFG_VP1MAP_t:t(12,278)=(12,277)",128,0,1970,0
 318               		.stabs	"PORTCFG_VP2MAP_enum:T(12,279)=@s8;ePORTCFG_VP2MAP_PORTA_gc:0,PORTCFG_VP2MAP_PORTB_gc:1,POR
 319               		.stabs	"PORTCFG_VP2MAP_t:t(12,280)=(12,279)",128,0,1991,0
 320               		.stabs	"PORTCFG_VP3MAP_enum:T(12,281)=@s8;ePORTCFG_VP3MAP_PORTA_gc:0,PORTCFG_VP3MAP_PORTB_gc:16,PO
 321               		.stabs	"PORTCFG_VP3MAP_t:t(12,282)=(12,281)",128,0,2012,0
 322               		.stabs	"PORTCFG_CLKOUT_enum:T(12,283)=@s8;ePORTCFG_CLKOUT_OFF_gc:0,PORTCFG_CLKOUT_PC7_gc:1,PORTCFG
 323               		.stabs	"PORTCFG_CLKOUT_t:t(12,284)=(12,283)",128,0,2021,0
 324               		.stabs	"PORTCFG_EVOUT_enum:T(12,285)=@s8;ePORTCFG_EVOUT_OFF_gc:0,PORTCFG_EVOUT_PC7_gc:16,PORTCFG_E
 325               		.stabs	"PORTCFG_EVOUT_t:t(12,286)=(12,285)",128,0,2030,0
 326               		.stabs	"PORT_INT0LVL_enum:T(12,287)=@s8;ePORT_INT0LVL_OFF_gc:0,PORT_INT0LVL_LO_gc:1,PORT_INT0LVL_M
 327               		.stabs	"PORT_INT0LVL_t:t(12,288)=(12,287)",128,0,2039,0
 328               		.stabs	"PORT_INT1LVL_enum:T(12,289)=@s8;ePORT_INT1LVL_OFF_gc:0,PORT_INT1LVL_LO_gc:4,PORT_INT1LVL_M
 329               		.stabs	"PORT_INT1LVL_t:t(12,290)=(12,289)",128,0,2048,0
 330               		.stabs	"PORT_OPC_enum:T(12,291)=@s8;ePORT_OPC_TOTEM_gc:0,PORT_OPC_BUSKEEPER_gc:8,PORT_OPC_PULLDOWN
 331               		.stabs	"PORT_OPC_t:t(12,292)=(12,291)",128,0,2061,0
 332               		.stabs	"PORT_ISC_enum:T(12,293)=@s8;ePORT_ISC_BOTHEDGES_gc:0,PORT_ISC_RISING_gc:1,PORT_ISC_FALLING
 333               		.stabs	"PORT_ISC_t:t(12,294)=(12,293)",128,0,2071,0
 334               		.stabs	"TC0_struct:T(12,295)=s64CTRLA:(12,1),0,8;CTRLB:(12,1),8,8;CTRLC:(12,1),16,8;CTRLD:(12,1),2
 335               		.stabs	"TC0_t:t(12,318)=(12,295)",128,0,2136,0
 336               		.stabs	"TC1_struct:T(12,319)=s60CTRLA:(12,1),0,8;CTRLB:(12,1),8,8;CTRLC:(12,1),16,8;CTRLD:(12,1),2
 337               		.stabs	"TC1_t:t(12,334)=(12,319)",128,0,2200,0
 338               		.stabs	"AWEX_struct:T(12,335)=s13CTRL:(12,1),0,8;reserved_0x01:(12,1),8,8;FDEMASK:(12,1),16,8;FDCT
 339               		.stabs	"AWEX_t:t(12,336)=(12,335)",128,0,2224,0
 340               		.stabs	"HIRES_struct:T(12,337)=s1CTRLA:(12,1),0,8;;",128,0,0,0
 341               		.stabs	"HIRES_t:t(12,338)=(12,337)",128,0,2236,0
 342               		.stabs	"TC_CLKSEL_enum:T(12,339)=@s8;eTC_CLKSEL_OFF_gc:0,TC_CLKSEL_DIV1_gc:1,TC_CLKSEL_DIV2_gc:2,T
GAS LISTING /tmp/ccQK9DDL.s 			page 7


 343               		.stabs	"TC_CLKSEL_t:t(12,340)=(12,339)",128,0,2257,0
 344               		.stabs	"TC_WGMODE_enum:T(12,341)=@s8;eTC_WGMODE_NORMAL_gc:0,TC_WGMODE_FRQ_gc:1,TC_WGMODE_SS_gc:3,T
 345               		.stabs	"TC_WGMODE_t:t(12,342)=(12,341)",128,0,2268,0
 346               		.stabs	"TC_EVACT_enum:T(12,343)=@s8;eTC_EVACT_OFF_gc:0,TC_EVACT_CAPT_gc:32,TC_EVACT_UPDOWN_gc:64,T
 347               		.stabs	"TC_EVACT_t:t(12,344)=(12,343)",128,0,2280,0
 348               		.stabs	"TC_EVSEL_enum:T(12,345)=@s8;eTC_EVSEL_OFF_gc:0,TC_EVSEL_CH0_gc:8,TC_EVSEL_CH1_gc:9,TC_EVSE
 349               		.stabs	"TC_EVSEL_t:t(12,346)=(12,345)",128,0,2294,0
 350               		.stabs	"TC_ERRINTLVL_enum:T(12,347)=@s8;eTC_ERRINTLVL_OFF_gc:0,TC_ERRINTLVL_LO_gc:4,TC_ERRINTLVL_M
 351               		.stabs	"TC_ERRINTLVL_t:t(12,348)=(12,347)",128,0,2303,0
 352               		.stabs	"TC_OVFINTLVL_enum:T(12,349)=@s8;eTC_OVFINTLVL_OFF_gc:0,TC_OVFINTLVL_LO_gc:1,TC_OVFINTLVL_M
 353               		.stabs	"TC_OVFINTLVL_t:t(12,350)=(12,349)",128,0,2312,0
 354               		.stabs	"TC_CCDINTLVL_enum:T(12,351)=@s8;eTC_CCDINTLVL_OFF_gc:0,TC_CCDINTLVL_LO_gc:64,TC_CCDINTLVL_
 355               		.stabs	"TC_CCDINTLVL_t:t(12,352)=(12,351)",128,0,2321,0
 356               		.stabs	"TC_CCCINTLVL_enum:T(12,353)=@s8;eTC_CCCINTLVL_OFF_gc:0,TC_CCCINTLVL_LO_gc:16,TC_CCCINTLVL_
 357               		.stabs	"TC_CCCINTLVL_t:t(12,354)=(12,353)",128,0,2330,0
 358               		.stabs	"TC_CCBINTLVL_enum:T(12,355)=@s8;eTC_CCBINTLVL_OFF_gc:0,TC_CCBINTLVL_LO_gc:4,TC_CCBINTLVL_M
 359               		.stabs	"TC_CCBINTLVL_t:t(12,356)=(12,355)",128,0,2339,0
 360               		.stabs	"TC_CCAINTLVL_enum:T(12,357)=@s8;eTC_CCAINTLVL_OFF_gc:0,TC_CCAINTLVL_LO_gc:1,TC_CCAINTLVL_M
 361               		.stabs	"TC_CCAINTLVL_t:t(12,358)=(12,357)",128,0,2348,0
 362               		.stabs	"TC_CMD_enum:T(12,359)=@s8;eTC_CMD_NONE_gc:0,TC_CMD_UPDATE_gc:4,TC_CMD_RESTART_gc:8,TC_CMD_
 363               		.stabs	"TC_CMD_t:t(12,360)=(12,359)",128,0,2357,0
 364               		.stabs	"AWEX_FDACT_enum:T(12,361)=@s8;eAWEX_FDACT_NONE_gc:0,AWEX_FDACT_CLEAROE_gc:1,AWEX_FDACT_CLE
 365               		.stabs	"AWEX_FDACT_t:t(12,362)=(12,361)",128,0,2365,0
 366               		.stabs	"HIRES_HREN_enum:T(12,363)=@s8;eHIRES_HREN_NONE_gc:0,HIRES_HREN_TC0_gc:1,HIRES_HREN_TC1_gc:
 367               		.stabs	"HIRES_HREN_t:t(12,364)=(12,363)",128,0,2374,0
 368               		.stabs	"USART_struct:T(12,365)=s8DATA:(12,1),0,8;STATUS:(12,1),8,8;reserved_0x02:(12,1),16,8;CTRLA
 369               		.stabs	"USART_t:t(12,366)=(12,365)",128,0,2394,0
 370               		.stabs	"USART_RXCINTLVL_enum:T(12,367)=@s8;eUSART_RXCINTLVL_OFF_gc:0,USART_RXCINTLVL_LO_gc:16,USAR
 371               		.stabs	"USART_RXCINTLVL_t:t(12,368)=(12,367)",128,0,2403,0
 372               		.stabs	"USART_TXCINTLVL_enum:T(12,369)=@s8;eUSART_TXCINTLVL_OFF_gc:0,USART_TXCINTLVL_LO_gc:4,USART
 373               		.stabs	"USART_TXCINTLVL_t:t(12,370)=(12,369)",128,0,2412,0
 374               		.stabs	"USART_DREINTLVL_enum:T(12,371)=@s8;eUSART_DREINTLVL_OFF_gc:0,USART_DREINTLVL_LO_gc:1,USART
 375               		.stabs	"USART_DREINTLVL_t:t(12,372)=(12,371)",128,0,2421,0
 376               		.stabs	"USART_CHSIZE_enum:T(12,373)=@s8;eUSART_CHSIZE_5BIT_gc:0,USART_CHSIZE_6BIT_gc:1,USART_CHSIZ
 377               		.stabs	"USART_CHSIZE_t:t(12,374)=(12,373)",128,0,2431,0
 378               		.stabs	"USART_CMODE_enum:T(12,375)=@s8;eUSART_CMODE_ASYNCHRONOUS_gc:0,USART_CMODE_SYNCHRONOUS_gc:6
 379               		.stabs	"USART_CMODE_t:t(12,376)=(12,375)",128,0,2440,0
 380               		.stabs	"USART_PMODE_enum:T(12,377)=@s8;eUSART_PMODE_DISABLED_gc:0,USART_PMODE_EVEN_gc:32,USART_PMO
 381               		.stabs	"USART_PMODE_t:t(12,378)=(12,377)",128,0,2448,0
 382               		.stabs	"SPI_struct:T(12,379)=s4CTRL:(12,1),0,8;INTCTRL:(12,1),8,8;STATUS:(12,1),16,8;DATA:(12,1),2
 383               		.stabs	"SPI_t:t(12,380)=(12,379)",128,0,2464,0
 384               		.stabs	"SPI_MODE_enum:T(12,381)=@s8;eSPI_MODE_0_gc:0,SPI_MODE_1_gc:4,SPI_MODE_2_gc:8,SPI_MODE_3_gc
 385               		.stabs	"SPI_MODE_t:t(12,382)=(12,381)",128,0,2473,0
 386               		.stabs	"SPI_PRESCALER_enum:T(12,383)=@s8;eSPI_PRESCALER_DIV4_gc:0,SPI_PRESCALER_DIV16_gc:1,SPI_PRE
 387               		.stabs	"SPI_PRESCALER_t:t(12,384)=(12,383)",128,0,2482,0
 388               		.stabs	"SPI_INTLVL_enum:T(12,385)=@s8;eSPI_INTLVL_OFF_gc:0,SPI_INTLVL_LO_gc:1,SPI_INTLVL_MED_gc:2,
 389               		.stabs	"SPI_INTLVL_t:t(12,386)=(12,385)",128,0,2491,0
 390               		.stabs	"IRCOM_struct:T(12,387)=s3CTRL:(12,1),0,8;TXPLCTRL:(12,1),8,8;RXPLCTRL:(12,1),16,8;;",128,0
 391               		.stabs	"IRCOM_t:t(12,388)=(12,387)",128,0,2506,0
 392               		.stabs	"IRDA_EVSEL_enum:T(12,389)=@s8;eIRDA_EVSEL_OFF_gc:0,IRDA_EVSEL_0_gc:8,IRDA_EVSEL_1_gc:9,IRD
 393               		.stabs	"IRDA_EVSEL_t:t(12,390)=(12,389)",128,0,2520,0
 394               		.stabs	"AES_struct:T(12,391)=s5CTRL:(12,1),0,8;STATUS:(12,1),8,8;STATE:(12,1),16,8;KEY:(12,1),24,8
 395               		.stabs	"AES_t:t(12,392)=(12,391)",128,0,2537,0
 396               		.stabs	"AES_INTLVL_enum:T(12,393)=@s8;eAES_INTLVL_OFF_gc:0,AES_INTLVL_LO_gc:1,AES_INTLVL_MED_gc:2,
 397               		.stabs	"AES_INTLVL_t:t(12,394)=(12,393)",128,0,2546,0
 398               		.stabn	162,0,0,0
 399               		.stabs	"/usr/lib/gcc/avr/4.7.0/../../../avr/include/avr/fuse.h",130,0,0,0
GAS LISTING /tmp/ccQK9DDL.s 			page 8


 400               		.stabs	"__fuse_t:t(13,1)=(13,2)=s6byte:(13,3)=ar(13,4)=r(13,4);0;0177777;;0;5;(0,11),0,48;;",128,0
 401               		.stabn	162,0,0,0
 402               		.stabn	162,0,0,0
 403               		.stabs	"/usr/lib/gcc/avr/4.7.0/include/stddef.h",130,0,0,0
 404               		.stabs	"ptrdiff_t:t(14,1)=(0,1)",128,0,150,0
 405               		.stabs	"wchar_t:t(14,2)=(0,1)",128,0,325,0
 406               		.stabn	162,0,0,0
 407               		.stabs	"/usr/lib/gcc/avr/4.7.0/../../../avr/include/stdlib.h",130,0,0,0
 408               		.stabs	"div_t:t(15,1)=(15,2)=s4quot:(0,1),0,16;rem:(0,1),16,16;;",128,0,71,0
 409               		.stabs	"ldiv_t:t(15,3)=(15,4)=s8quot:(0,3),0,32;rem:(0,3),32,32;;",128,0,77,0
 410               		.stabs	"__compar_fn_t:t(15,5)=(15,6)=*(15,7)=f(0,1)",128,0,80,0
 411               		.stabn	162,0,0,0
 412               		.stabs	"Bool:t(6,1)=(0,11)",128,0,164,0
 413               		.stabs	"S8:t(6,2)=(0,10)",128,0,170,0
 414               		.stabs	"U8:t(6,3)=(0,11)",128,0,171,0
 415               		.stabs	"S16:t(6,4)=(0,8)",128,0,172,0
 416               		.stabs	"U16:t(6,5)=(0,9)",128,0,173,0
 417               		.stabs	"le16_t:t(6,6)=(0,9)",128,0,174,0
 418               		.stabs	"be16_t:t(6,7)=(0,9)",128,0,175,0
 419               		.stabs	"S32:t(6,8)=(0,3)",128,0,176,0
 420               		.stabs	"U32:t(6,9)=(0,5)",128,0,177,0
 421               		.stabs	"le32_t:t(6,10)=(11,6)",128,0,178,0
 422               		.stabs	"be32_t:t(6,11)=(11,6)",128,0,179,0
 423               		.stabs	"S64:t(6,12)=(0,6)",128,0,180,0
 424               		.stabs	"U64:t(6,13)=(0,7)",128,0,181,0
 425               		.stabs	"F32:t(6,14)=(0,12)",128,0,182,0
 426               		.stabs	"F64:t(6,15)=(0,13)",128,0,183,0
 427               		.stabs	"iram_size_t:t(6,16)=(11,4)",128,0,184,0
 428               		.stabs	"Status_bool_t:t(6,17)=(6,1)",128,0,191,0
 429               		.stabs	"Status_t:t(6,18)=(6,3)",128,0,192,0
 430               		.stabs	"Union16:t(6,19)=(6,20)=u2s16:(6,4),0,16;u16:(6,5),0,16;s8:(6,21)=ar(13,4);0;1;(6,2),0,16;u
 431               		.stabs	"Union32:t(6,23)=(6,24)=u4s32:(6,8),0,32;u32:(6,9),0,32;s16:(6,25)=ar(13,4);0;1;(6,4),0,32;
 432               		.stabs	"Union64:t(6,29)=(6,30)=u8s64:(6,12),0,64;u64:(6,13),0,64;s32:(6,31)=ar(13,4);0;1;(6,8),0,6
 433               		.stabs	"UnionPtr:t(6,37)=(6,38)=u2s64ptr:(6,39)=*(6,12),0,16;u64ptr:(6,40)=*(6,13),0,16;s32ptr:(6,
 434               		.stabs	"UnionVPtr:t(6,47)=(6,48)=u2s64ptr:(6,49)=*(6,50)=B(6,12),0,16;u64ptr:(6,51)=*(6,52)=B(6,13
 435               		.stabs	"UnionCPtr:t(6,65)=(6,66)=u2s64ptr:(6,67)=*(6,68)=k(6,12),0,16;u64ptr:(6,69)=*(6,70)=k(6,13
 436               		.stabs	"UnionCVPtr:t(6,83)=(6,84)=u2s64ptr:(6,85)=*(6,86)=k(6,50),0,16;u64ptr:(6,87)=*(6,88)=k(6,5
 437               		.stabs	"StructPtr:t(6,101)=(6,102)=s16s64ptr:(6,39),0,16;u64ptr:(6,40),16,16;s32ptr:(6,41),32,16;u
 438               		.stabs	"StructVPtr:t(6,103)=(6,104)=s16s64ptr:(6,49),0,16;u64ptr:(6,51),16,16;s32ptr:(6,53),32,16;
 439               		.stabs	"StructCPtr:t(6,105)=(6,106)=s16s64ptr:(6,67),0,16;u64ptr:(6,69),16,16;s32ptr:(6,71),32,16;
 440               		.stabs	"StructCVPtr:t(6,107)=(6,108)=s16s64ptr:(6,85),0,16;u64ptr:(6,87),16,16;s32ptr:(6,89),32,16
 441               		.stabs	"Byte:t(6,109)=(6,3)",128,0,1011,0
 442               		.stabs	"./src/asf/common/utils/interrupt.h",130,0,0,0
 443               		.stabs	"./src/asf/common/utils/interrupt/interrupt_avr8.h",130,0,0,0
 444               		.stabs	"irqflags_t:t(17,1)=(11,2)",128,0,96,0
 445               		.stabn	162,0,0,0
 446               		.stabn	162,0,0,0
 447               		.stabn	162,0,0,0
 448               		.stabn	162,0,0,0
 449               		.stabs	"./src/asf/xmega/drivers/cpu/xmega_reset_cause.h",130,0,0,0
 450               		.stabs	"reset_cause_t:t(18,1)=(11,2)",128,0,62,0
 451               		.stabn	162,0,0,0
 452               		.stabs	"./src/asf/common/services/delay/delay.h",130,0,0,0
 453               		.stabs	"./src/asf/common/services/clock/sysclk.h",130,0,0,0
 454               		.stabs	"./src/asf/common/services/clock/xmega/sysclk.h",130,0,0,0
 455               		.stabs	"./src/asf/common/services/clock/pll.h",130,0,0,0
 456               		.stabs	"./src/asf/common/services/clock/xmega/pll.h",130,0,0,0
GAS LISTING /tmp/ccQK9DDL.s 			page 9


 457               		.stabs	"pll_source:T(23,1)=@s8;ePLL_SRC_RC2MHZ:0,PLL_SRC_RC32MHZ:128,PLL_SRC_XOSC:192,;",128,0,0,0
 458               		.stabs	"pll_config:T(23,2)=s1ctrl:(11,2),0,8;;",128,0,0,0
 459               		.stabn	162,0,0,0
 460               		.stabn	162,0,0,0
 461               		.stabs	"sysclk_port_id:T(21,1)=@s8;eSYSCLK_PORT_GEN:0,SYSCLK_PORT_A:1,SYSCLK_PORT_B:2,SYSCLK_PORT_
 462               		.stabn	162,0,0,0
 463               		.stabn	162,0,0,0
 464               		.stabn	162,0,0,0
 465               		.stabs	"./src/asf/common/services/ioport/ioport.h",130,0,0,0
 466               		.stabs	"ioport_direction:T(24,1)=@s8;eIOPORT_DIR_INPUT:0,IOPORT_DIR_OUTPUT:1,;",128,0,0,0
 467               		.stabs	"ioport_value:T(24,2)=@s8;eIOPORT_PIN_LEVEL_LOW:0,IOPORT_PIN_LEVEL_HIGH:1,;",128,0,0,0
 468               		.stabs	"ioport_sense:T(24,3)=@s8;eIOPORT_SENSE_BOTHEDGES:0,IOPORT_SENSE_RISING:1,IOPORT_SENSE_FALL
 469               		.stabs	"./src/asf/common/services/ioport/xmega/ioport.h",130,0,0,0
 470               		.stabs	"ioport_mode_t:t(25,1)=(11,2)",128,0,115,0
 471               		.stabs	"ioport_pin_t:t(25,2)=(11,2)",128,0,116,0
 472               		.stabs	"ioport_port_t:t(25,3)=(11,2)",128,0,117,0
 473               		.stabs	"ioport_port_mask_t:t(25,4)=(11,2)",128,0,118,0
 474               		.stabn	162,0,0,0
 475               		.stabs	"./src/asf/common/services/ioport/xmega/ioport_compat.h",130,0,0,0
 476               		.stabs	"pin_mask_t:t(26,1)=(11,2)",128,0,54,0
 477               		.stabs	"port_pin_t:t(26,2)=(11,2)",128,0,61,0
 478               		.stabs	"port_pin_flags_t:t(26,3)=(11,4)",128,0,69,0
 479               		.stabs	"port_id_t:t(26,4)=(11,2)",128,0,76,0
 480               		.stabn	162,0,0,0
 481               		.stabn	162,0,0,0
 482               		.stabs	"./src/asf/xmega/drivers/nvm/nvm.h",130,0,0,0
 483               		.stabs	"nvm_device_id:T(27,1)=s3:(27,2)=u3:(27,3)=s3devid0:(11,2),0,8;devid1:(11,2),8,8;devid2:(11
 484               		.stabs	"nvm_device_serial:T(27,5)=s11:(27,6)=u11:(27,7)=s11lotnum0:(11,2),0,8;lotnum1:(11,2),8,8;l
 485               		.stabs	"eeprom_addr_t:t(27,9)=(11,4)",128,0,358,0
 486               		.stabs	"flash_addr_t:t(27,10)=(11,4)",128,0,536,0
 487               		.stabs	"fuse_byte_t:T(27,11)=@s8;eFUSEBYTE0:0,FUSEBYTE1:1,FUSEBYTE2:2,FUSEBYTE3:3,FUSEBYTE4:4,FUSE
 488               		.stabn	162,0,0,0
 489               		.stabs	"./src/asf/xmega/drivers/pmic/pmic.h",130,0,0,0
 490               		.stabs	"pmic_level:T(28,1)=@s8;ePMIC_LVL_LOW:1,PMIC_LVL_MEDIUM:2,PMIC_LVL_HIGH:4,PMIC_LVL_NMI:7,;"
 491               		.stabs	"pmic_vector:T(28,2)=@s8;ePMIC_VEC_APPLICATION:0,PMIC_VEC_BOOT:1,PMIC_NR_OF_VECTORS:2,;",12
 492               		.stabs	"pmic_schedule:T(28,3)=@s8;ePMIC_SCH_FIXED_PRIORITY:0,PMIC_SCH_ROUND_ROBIN:1,PMIC_NR_OF_SCH
 493               		.stabn	162,0,0,0
 494               		.stabs	"./src/asf/xmega/drivers/spi/spi.h",130,0,0,0
 495               		.stabs	"./src/asf/xmega/utils/status_codes.h",130,0,0,0
 496               		.stabs	"status_code:T(30,1)=@s8;eSTATUS_OK:0,ERR_IO_ERROR:-1,ERR_FLUSHED:-2,ERR_TIMEOUT:-3,ERR_BAD
 497               		.stabs	"status_code_t:t(30,2)=(30,1)",128,0,105,0
 498               		.stabn	162,0,0,0
 499               		.stabn	162,0,0,0
 500               		.stabs	"./src/asf/common/services/spi/xmega_spi/spi_master.h",130,0,0,0
 501               		.stabs	"spi_flags_t:t(31,1)=(11,2)",128,0,110,0
 502               		.stabs	"board_spi_select_id_t:t(31,2)=(11,6)",128,0,111,0
 503               		.stabs	"spi_device:T(31,3)=s1id:(26,2),0,8;;",128,0,0,0
 504               		.stabn	162,0,0,0
 505               		.stabs	"./src/asf/common/services/sleepmgr/sleepmgr.h",130,0,0,0
 506               		.stabs	"./src/asf/common/services/sleepmgr/xmega/sleepmgr.h",130,0,0,0
 507               		.stabs	"sleepmgr_mode:T(33,1)=@s8;eSLEEPMGR_ACTIVE:0,SLEEPMGR_IDLE:1,SLEEPMGR_ESTDBY:2,SLEEPMGR_PS
 508               		.stabn	162,0,0,0
 509               		.stabn	162,0,0,0
 510               		.stabs	"./src/asf/common/utils/stdio/stdio_serial/stdio_serial.h",130,0,0,0
 511               		.stabs	"/usr/lib/gcc/avr/4.7.0/../../../avr/include/stdio.h",130,0,0,0
 512               		.stabs	"/usr/lib/gcc/avr/4.7.0/include/stdarg.h",130,0,0,0
 513               		.stabs	"__gnuc_va_list:t(36,1)=(36,2)=*(0,15)",128,0,40,0
GAS LISTING /tmp/ccQK9DDL.s 			page 10


 514               		.stabs	"va_list:t(36,3)=(36,1)",128,0,102,0
 515               		.stabn	162,0,0,0
 516               		.stabs	"__file:T(35,1)=s14buf:(35,2)=*(0,2),0,16;unget:(0,11),16,8;flags:(11,2),24,8;size:(0,1),32
 517               		.stabn	162,0,0,0
 518               		.stabs	"./src/asf/common/services/serial/serial.h",130,0,0,0
 519               		.stabs	"./src/asf/common/services/serial/xmega_usart/usart_serial.h",130,0,0,0
 520               		.stabs	"./src/asf/xmega/drivers/usart/usart.h",130,0,0,0
 521               		.stabs	"usart_rs232_options:T(39,1)=s7baudrate:(11,6),0,32;charlength:(12,374),32,8;paritytype:(12
 522               		.stabs	"usart_rs232_options_t:t(39,3)=(39,1)",128,0,130,0
 523               		.stabs	"usart_spi_options:T(39,4)=s6baudrate:(11,6),0,32;spimode:(11,2),32,8;data_order:(11,2),40,
 524               		.stabs	"usart_spi_options_t:t(39,5)=(39,4)",128,0,141,0
 525               		.stabs	"usart_int_level_t:T(39,6)=@s8;eUSART_INT_LVL_OFF:0,USART_INT_LVL_LO:1,USART_INT_LVL_MED:2,
 526               		.stabn	162,0,0,0
 527               		.stabs	"usart_serial_options_t:t(38,1)=(39,3)",128,0,58,0
 528               		.stabs	"usart_if:t(38,2)=(38,3)=*(12,366)",128,0,60,0
 529               		.stabn	162,0,0,0
 530               		.stabn	162,0,0,0
 531               		.stabn	162,0,0,0
 532               		.stabs	"./src/asf/xmega/drivers/tc/tc.h",130,0,0,0
 533               		.stabs	"tc_callback_t:t(40,1)=(40,2)=*(40,3)=f(0,15)",128,0,86,0
 534               		.stabs	"tc_cc_channel_t:T(40,4)=@s8;eTC_CCA:1,TC_CCB:2,TC_CCC:3,TC_CCD:4,;",128,0,0,0
 535               		.stabs	"tc_cc_channel_mask_enable_t:T(40,5)=@s8;eTC_CCAEN:16,TC_CCBEN:32,TC_CCCEN:64,TC_CCDEN:128,
 536               		.stabs	"tc_dir_t:T(40,6)=@s8;eTC_UP:0,TC_DOWN:1,;",128,0,0,0
 537               		.stabs	"tc_wg_mode_t:T(40,7)=@s8;eTC_WG_NORMAL:0,TC_WG_FRQ:1,TC_WG_SS:3,TC_WG_DS_T:5,TC_WG_DS_TB:6
 538               		.stabs	"TC_INT_LEVEL_t:T(40,8)=@s8;eTC_INT_LVL_OFF:0,TC_INT_LVL_LO:1,TC_INT_LVL_MED:2,TC_INT_LVL_H
 539               		.stabn	162,0,0,0
 540               		.stabs	"./src/asf/common/services/usb/class/cdc/usb_protocol_cdc.h",130,0,0,0
 541               		.stabs	"usb_cdc_hdr_desc_t:t(41,1)=(41,2)=s5bFunctionLength:(11,2),0,8;bDescriptorType:(11,2),8,8;
 542               		.stabs	"usb_cdc_call_mgmt_desc_t:t(41,3)=(41,4)=s5bFunctionLength:(11,2),0,8;bDescriptorType:(11,2
 543               		.stabs	"usb_cdc_acm_desc_t:t(41,5)=(41,6)=s4bFunctionLength:(11,2),0,8;bDescriptorType:(11,2),8,8;
 544               		.stabs	"usb_cdc_union_desc_t:t(41,7)=(41,8)=s5bFunctionLength:(11,2),0,8;bDescriptorType:(11,2),8,
 545               		.stabs	"usb_cdc_line_coding_t:t(41,9)=(41,10)=s7dwDTERate:(6,10),0,32;bCharFormat:(11,2),32,8;bPar
 546               		.stabs	"cdc_char_format:T(41,11)=@s8;eCDC_STOP_BITS_1:0,CDC_STOP_BITS_1_5:1,CDC_STOP_BITS_2:2,;",1
 547               		.stabs	"cdc_parity:T(41,12)=@s8;eCDC_PAR_NONE:0,CDC_PAR_ODD:1,CDC_PAR_EVEN:2,CDC_PAR_MARK:3,CDC_PA
 548               		.stabs	"usb_cdc_control_signal_t:t(41,13)=(41,14)=s2value:(11,4),0,16;;",128,0,261,0
 549               		.stabs	"usb_cdc_notify_msg_t:t(41,15)=(41,16)=s8bmRequestType:(11,2),0,8;bNotification:(11,2),8,8;
 550               		.stabs	"usb_cdc_notify_serial_state_t:t(41,17)=(41,18)=s10header:(41,15),0,64;value:(6,6),64,16;;"
 551               		.stabn	162,0,0,0
 552               		.stabs	"./src/asf/common/services/usb/class/cdc/device/udi_cdc.h",130,0,0,0
 553               		.stabs	"./src/asf/common/services/usb/usb_protocol.h",130,0,0,0
 554               		.stabs	"usb_reqid:T(43,1)=@s8;eUSB_REQ_GET_STATUS:0,USB_REQ_CLEAR_FEATURE:1,USB_REQ_SET_FEATURE:3,
 555               		.stabs	"usb_device_status:T(43,2)=@s8;eUSB_DEV_STATUS_BUS_POWERED:0,USB_DEV_STATUS_SELF_POWERED:1,
 556               		.stabs	"usb_interface_status:T(43,3)=@s8;eUSB_IFACE_STATUS_RESERVED:0,;",128,0,0,0
 557               		.stabs	"usb_endpoint_status:T(43,4)=@s8;eUSB_EP_STATUS_HALTED:1,;",128,0,0,0
 558               		.stabs	"usb_device_feature:T(43,5)=@s8;eUSB_DEV_FEATURE_REMOTE_WAKEUP:1,USB_DEV_FEATURE_TEST_MODE:
 559               		.stabs	"usb_device_hs_test_mode:T(43,6)=@s8;eUSB_DEV_TEST_MODE_J:1,USB_DEV_TEST_MODE_K:2,USB_DEV_T
 560               		.stabs	"usb_endpoint_feature:T(43,7)=@s8;eUSB_EP_FEATURE_HALT:0,;",128,0,0,0
 561               		.stabs	"usb_test_mode_selector:T(43,8)=@s8;eUSB_TEST_J:1,USB_TEST_K:2,USB_TEST_SE0_NAK:3,USB_TEST_
 562               		.stabs	"usb_descriptor_type:T(43,9)=@s8;eUSB_DT_DEVICE:1,USB_DT_CONFIGURATION:2,USB_DT_STRING:3,US
 563               		.stabs	"usb_ep_type:T(43,10)=@s8;eUSB_EP_TYPE_CONTROL:0,USB_EP_TYPE_ISOCHRONOUS:1,USB_EP_TYPE_BULK
 564               		.stabs	"usb_langid:T(43,11)=eUSB_LANGID_EN_US:1033,;",128,0,0,0
 565               		.stabs	"usb_add_t:t(43,12)=(11,2)",128,0,232,0
 566               		.stabs	"usb_ep_t:t(43,13)=(11,2)",128,0,245,0
 567               		.stabs	"usb_setup_req_t:t(43,14)=(43,15)=s8bmRequestType:(11,2),0,8;bRequest:(11,2),8,8;wValue:(6,
 568               		.stabs	"usb_dev_desc_t:t(43,16)=(43,17)=s18bLength:(11,2),0,8;bDescriptorType:(11,2),8,8;bcdUSB:(6
 569               		.stabs	"usb_dev_qual_desc_t:t(43,18)=(43,19)=s10bLength:(11,2),0,8;bDescriptorType:(11,2),8,8;bcdU
 570               		.stabs	"usb_association_desc_t:t(43,20)=(43,21)=s8bLength:(11,2),0,8;bDescriptorType:(11,2),8,8;bF
GAS LISTING /tmp/ccQK9DDL.s 			page 11


 571               		.stabs	"usb_conf_desc_t:t(43,22)=(43,23)=s9bLength:(11,2),0,8;bDescriptorType:(11,2),8,8;wTotalLen
 572               		.stabs	"usb_iad_desc_t:t(43,24)=(43,25)=s8bLength:(11,2),0,8;bDescriptorType:(11,2),8,8;bFirstInte
 573               		.stabs	"usb_iface_desc_t:t(43,26)=(43,27)=s9bLength:(11,2),0,8;bDescriptorType:(11,2),8,8;bInterfa
 574               		.stabs	"usb_ep_desc_t:t(43,28)=(43,29)=s7bLength:(11,2),0,8;bDescriptorType:(11,2),8,8;bEndpointAd
 575               		.stabs	"usb_str_desc_t:t(43,30)=(43,31)=s2bLength:(11,2),0,8;bDescriptorType:(11,2),8,8;;",128,0,3
 576               		.stabs	"usb_str_lgid_desc_t:t(43,32)=(43,33)=s4desc:(43,30),0,16;string:(43,34)=ar(13,4);0;0;(6,6)
 577               		.stabn	162,0,0,0
 578               		.stabs	"./src/asf/common/services/usb/udc/udd.h",130,0,0,0
 579               		.stabs	"./src/asf/common/services/usb/udc/udc_desc.h",130,0,0,0
 580               		.stabs	"./src/asf/common/services/usb/udc/udi.h",130,0,0,0
 581               		.stabs	"udi_api_t:t(46,1)=(46,2)=s10enable:(46,3)=*(46,4)=f(39,2),0,16;disable:(40,2),16,16;setup:
 582               		.stabn	162,0,0,0
 583               		.stabs	"udc_config_speed_t:t(45,1)=(45,2)=s4desc:(45,3)=*(43,22),0,16;udi_apis:(45,4)=*(45,5)=*(46
 584               		.stabs	"udc_config_t:t(45,6)=(45,7)=s4confdev_lsfs:(45,8)=*(43,16),0,16;conf_lsfs:(45,9)=*(45,1),1
 585               		.stabn	162,0,0,0
 586               		.stabs	"udd_ep_id_t:t(44,1)=(11,2)",128,0,66,0
 587               		.stabs	" :T(44,2)=@s8;eUDD_EP_TRANSFER_OK:0,UDD_EP_TRANSFER_ABORT:1,;",128,0,0,0
 588               		.stabs	"udd_ep_status_t:t(44,3)=(44,2)",128,0,73,0
 589               		.stabs	"udd_ctrl_request_t:t(44,4)=(44,5)=s16req:(43,14),0,64;payload:(44,6)=*(11,2),64,16;payload
 590               		.stabs	"udd_callback_halt_cleared_t:t(44,7)=(40,2)",128,0,122,0
 591               		.stabs	"udd_callback_trans_t:t(44,8)=(44,9)=*(44,10)=f(0,15)",128,0,133,0
 592               		.stabn	162,0,0,0
 593               		.stabs	"udi_cdc_comm_desc_t:t(42,1)=(42,2)=s35iface:(43,26),0,72;header:(41,1),72,40;acm:(41,5),11
 594               		.stabs	"udi_cdc_data_desc_t:t(42,3)=(42,4)=s23iface:(43,26),0,72;ep_in:(43,28),72,56;ep_out:(43,28
 595               		.stabn	162,0,0,0
 596               		.stabn	162,0,0,0
 597               		.stabs	"src/usb.h",130,0,0,0
 598               		.stabs	" :T(47,1)=@s8;eSTATE_IDLE:0,STATE_START:1,STATE_RECEIVE:2,STATE_CHECKSUM:3,STATE_DONE:4,;"
 599               		.stabn	162,0,0,0
 600               		.stabn	162,0,0,0
 601               		.stabs	"src/commands.h",130,0,0,0
 602               		.stabs	" :T(48,1)=@s8;eSET_ARRAY:16,BLACKOUT:17,SET_ALL:18,SET_ALL_RGB:19,IDENTIFY:20,SET_NUM_LEDS
 603               		.stabn	162,0,0,0
 604               		.stabs	"identify:F(0,15)",36,0,59,identify
 605               	.global	identify
 606               		.type	identify, @function
 607               	identify:
 608               		.stabd	46,0,0
   1:src/commands.c **** #include <string.h>
   2:src/commands.c **** 
   3:src/commands.c **** #include "globals.h"
   4:src/commands.c **** #include "commands.h"
   5:src/commands.c **** 
   6:src/commands.c **** 
   7:src/commands.c **** void process_command()
   8:src/commands.c **** {
   9:src/commands.c **** 	uint16_t i, j;
  10:src/commands.c **** 
  11:src/commands.c **** 	switch (g_usbCommand) {
  12:src/commands.c **** 		case SET_ARRAY:
  13:src/commands.c **** 			printf("[CMD] Set Array\r\n");
  14:src/commands.c **** 			j = min(g_usbDataLength, (3 * num_leds));
  15:src/commands.c **** 			for (i = 0; i < j; i++) {
  16:src/commands.c **** 				data_buffer[i] = g_usbDataBuffer[i];
  17:src/commands.c **** 			}
  18:src/commands.c **** 			dirty = 1;
  19:src/commands.c **** 			break;
GAS LISTING /tmp/ccQK9DDL.s 			page 12


  20:src/commands.c **** 
  21:src/commands.c **** 		case BLACKOUT:
  22:src/commands.c **** 			printf("[CMD] Blackout\r\n");
  23:src/commands.c **** 			memset(&data_buffer, 0, sizeof(data_buffer));
  24:src/commands.c **** 			dirty = 1;
  25:src/commands.c **** 			break;
  26:src/commands.c **** 
  27:src/commands.c **** 		case SET_ALL:
  28:src/commands.c **** 			printf("[CMD] Set all\r\n");
  29:src/commands.c **** 			memset(&data_buffer, g_usbDataBuffer[0], sizeof(data_buffer));
  30:src/commands.c **** 			dirty = 1;
  31:src/commands.c **** 			break;
  32:src/commands.c **** 			
  33:src/commands.c **** 		case SET_ALL_RGB:
  34:src/commands.c **** 		printf("[CMD] Set All RGB\r\n");
  35:src/commands.c **** 			for (i = 0; i < (num_leds); i++) {
  36:src/commands.c **** 				data_buffer[3 * i] = g_usbDataBuffer[0];
  37:src/commands.c **** 				data_buffer[(3 * i) + 1] = g_usbDataBuffer[1];
  38:src/commands.c **** 				data_buffer[(3 * i) + 2] = g_usbDataBuffer[2];
  39:src/commands.c **** 			}
  40:src/commands.c **** 			dirty = 1;
  41:src/commands.c **** 			break;
  42:src/commands.c **** 		
  43:src/commands.c **** 		case SET_NUM_LEDS:
  44:src/commands.c **** 			num_leds = g_usbDataBuffer[0] + (g_usbDataBuffer[1] << 8);
  45:src/commands.c **** 			identify();
  46:src/commands.c **** 			break;
  47:src/commands.c **** 			
  48:src/commands.c **** 		case GET_NUM_LEDS:
  49:src/commands.c **** 			break;
  50:src/commands.c **** 			
  51:src/commands.c **** 		case IDENTIFY:
  52:src/commands.c **** 			printf("[CMD] Identify\r\n");
  53:src/commands.c **** 			identify();
  54:src/commands.c **** 			break;
  55:src/commands.c **** 	}
  56:src/commands.c **** }
  57:src/commands.c **** 
  58:src/commands.c **** 
  59:src/commands.c **** void identify(void)
  60:src/commands.c **** {
 609               		.stabn	68,0,60,.LM0-.LFBB1
 610               	.LM0:
 611               	.LFBB1:
 612 0000 CF93      		push r28
 613 0002 DF93      		push r29
 614               	/* prologue: function */
 615               	/* frame size = 0 */
 616               	/* stack size = 2 */
 617               	.L__stack_usage = 2
  61:src/commands.c **** 	memset(&data_buffer, 0, sizeof(data_buffer));
 618               		.stabn	68,0,61,.LM1-.LFBB1
 619               	.LM1:
 620 0004 80E4      		ldi r24,lo8(64)
 621 0006 92E0      		ldi r25,lo8(2)
 622 0008 E0E0      		ldi r30,lo8(data_buffer)
 623 000a F0E0      		ldi r31,hi8(data_buffer)
GAS LISTING /tmp/ccQK9DDL.s 			page 13


 624 000c DF01      		movw r26,r30
 625 000e 9C01      		movw r18,r24
 626               		0:
 627 0010 1D92      		st X+,__zero_reg__
 628 0012 2150      		subi r18,1
 629 0014 3040      		sbci r19,0
 630 0016 01F4      		brne 0b
  62:src/commands.c **** 	data_buffer[1] = 0xFF;
 631               		.stabn	68,0,62,.LM2-.LFBB1
 632               	.LM2:
 633 0018 2FEF      		ldi r18,lo8(-1)
 634 001a 2093 0000 		sts data_buffer+1,r18
  63:src/commands.c **** 	data_buffer[(3 * (num_leds - 1)) + 2] = 0xFF;
 635               		.stabn	68,0,63,.LM3-.LFBB1
 636               	.LM3:
 637 001e 8091 0000 		lds r24,num_leds
 638 0022 9091 0000 		lds r25,num_leds+1
 639 0026 FC01      		movw r30,r24
 640 0028 EE0F      		lsl r30
 641 002a FF1F      		rol r31
 642 002c E80F      		add r30,r24
 643 002e F91F      		adc r31,r25
 644 0030 E050      		subi r30,lo8(-(data_buffer-1))
 645 0032 F040      		sbci r31,hi8(-(data_buffer-1))
 646 0034 2083      		st Z,r18
  64:src/commands.c **** 	
  65:src/commands.c **** 	// (2) for start/stop, (4) for address
  66:src/commands.c **** 	if (num_leds > 6) {
 647               		.stabn	68,0,66,.LM4-.LFBB1
 648               	.LM4:
 649 0036 0797      		sbiw r24,7
 650 0038 00F0      		brlo .L2
 651               	.LBB2:
  67:src/commands.c **** 		for (uint16_t i = 0; i < 6; i++) {
  68:src/commands.c **** 			if (g_address & (1<<i)) {
 652               		.stabn	68,0,68,.LM5-.LFBB1
 653               	.LM5:
 654 003a 4091 0000 		lds r20,g_address
 655 003e 50E0      		ldi r21,0
 656 0040 C0E0      		ldi r28,lo8(data_buffer+3)
 657 0042 D0E0      		ldi r29,hi8(data_buffer+3)
 658 0044 A0E0      		ldi r26,lo8(data_buffer+4)
 659 0046 B0E0      		ldi r27,hi8(data_buffer+4)
 660 0048 E0E0      		ldi r30,lo8(data_buffer+5)
 661 004a F0E0      		ldi r31,hi8(data_buffer+5)
 662 004c 80E0      		ldi r24,0
 663 004e 90E0      		ldi r25,0
  69:src/commands.c **** 				data_buffer[3 + (3 * i)] = 0xcc;
  70:src/commands.c **** 				data_buffer[3 + (3 * i) + 1] = 0xcc;
  71:src/commands.c **** 				data_buffer[3 + (3 * i) + 2] = 0xcc;
  72:src/commands.c **** 			} else {
  73:src/commands.c **** 				data_buffer[3 + (3 * i)] = 0x55;
 664               		.stabn	68,0,73,.LM6-.LFBB1
 665               	.LM6:
 666 0050 75E5      		ldi r23,lo8(85)
  69:src/commands.c **** 				data_buffer[3 + (3 * i)] = 0xcc;
 667               		.stabn	68,0,69,.LM7-.LFBB1
GAS LISTING /tmp/ccQK9DDL.s 			page 14


 668               	.LM7:
 669 0052 6CEC      		ldi r22,lo8(-52)
 670               	.L5:
  68:src/commands.c **** 			if (g_address & (1<<i)) {
 671               		.stabn	68,0,68,.LM8-.LFBB1
 672               	.LM8:
 673 0054 9A01      		movw r18,r20
 674 0056 082E      		mov r0,r24
 675 0058 00C0      		rjmp 2f
 676               		1:
 677 005a 3595      		asr r19
 678 005c 2795      		ror r18
 679               		2:
 680 005e 0A94      		dec r0
 681 0060 02F4      		brpl 1b
 682 0062 20FF      		sbrs r18,0
 683 0064 00C0      		rjmp .L3
  69:src/commands.c **** 				data_buffer[3 + (3 * i)] = 0xcc;
 684               		.stabn	68,0,69,.LM9-.LFBB1
 685               	.LM9:
 686 0066 6883      		st Y,r22
  70:src/commands.c **** 				data_buffer[3 + (3 * i) + 1] = 0xcc;
 687               		.stabn	68,0,70,.LM10-.LFBB1
 688               	.LM10:
 689 0068 6C93      		st X,r22
  71:src/commands.c **** 				data_buffer[3 + (3 * i) + 2] = 0xcc;
 690               		.stabn	68,0,71,.LM11-.LFBB1
 691               	.LM11:
 692 006a 6083      		st Z,r22
 693 006c 00C0      		rjmp .L4
 694               	.L3:
 695               		.stabn	68,0,73,.LM12-.LFBB1
 696               	.LM12:
 697 006e 7883      		st Y,r23
  74:src/commands.c **** 				data_buffer[3 + (3 * i) + 1] = 0x00;
 698               		.stabn	68,0,74,.LM13-.LFBB1
 699               	.LM13:
 700 0070 1C92      		st X,__zero_reg__
  75:src/commands.c **** 				data_buffer[3 + (3 * i) + 2] = 0x00;
 701               		.stabn	68,0,75,.LM14-.LFBB1
 702               	.LM14:
 703 0072 1082      		st Z,__zero_reg__
 704               	.L4:
  67:src/commands.c **** 		for (uint16_t i = 0; i < 6; i++) {
 705               		.stabn	68,0,67,.LM15-.LFBB1
 706               	.LM15:
 707 0074 0196      		adiw r24,1
 708 0076 2396      		adiw r28,3
 709 0078 1396      		adiw r26,3
 710 007a 3396      		adiw r30,3
 711 007c 8630      		cpi r24,6
 712 007e 9105      		cpc r25,__zero_reg__
 713 0080 01F4      		brne .L5
 714               	.L2:
 715               	.LBE2:
  76:src/commands.c **** 			}
  77:src/commands.c **** 		}
GAS LISTING /tmp/ccQK9DDL.s 			page 15


  78:src/commands.c **** 	}
  79:src/commands.c **** 
  80:src/commands.c **** 	dirty = 1;
 716               		.stabn	68,0,80,.LM16-.LFBB1
 717               	.LM16:
 718 0082 81E0      		ldi r24,lo8(1)
 719 0084 8093 0000 		sts dirty,r24
 720               	/* epilogue start */
  81:src/commands.c **** }...
 721               		.stabn	68,0,81,.LM17-.LFBB1
 722               	.LM17:
 723 0088 DF91      		pop r29
 724 008a CF91      		pop r28
 725 008c 0895      		ret
 726               		.size	identify, .-identify
 727               		.stabs	"i:r(11,4)",64,0,67,24
 728               		.stabn	192,0,0,.LBB2-.LFBB1
 729               		.stabn	224,0,0,.LBE2-.LFBB1
 730               	.Lscope1:
 731               		.stabs	"",36,0,0,.Lscope1-.LFBB1
 732               		.stabd	78,0,0
 733               		.section	.rodata.str1.1,"aMS",@progbits,1
 734               	.LC0:
 735 0000 5B43 4D44 		.string	"[CMD] Set Array\r"
 735      5D20 5365 
 735      7420 4172 
 735      7261 790D 
 735      00
 736               	.LC1:
 737 0011 5B43 4D44 		.string	"[CMD] Blackout\r"
 737      5D20 426C 
 737      6163 6B6F 
 737      7574 0D00 
 738               	.LC2:
 739 0021 5B43 4D44 		.string	"[CMD] Set all\r"
 739      5D20 5365 
 739      7420 616C 
 739      6C0D 00
 740               	.LC3:
 741 0030 5B43 4D44 		.string	"[CMD] Set All RGB\r"
 741      5D20 5365 
 741      7420 416C 
 741      6C20 5247 
 741      420D 00
 742               	.LC4:
 743 0043 5B43 4D44 		.string	"[CMD] Identify\r"
 743      5D20 4964 
 743      656E 7469 
 743      6679 0D00 
 744               		.text
 745               		.stabs	"process_command:F(0,15)",36,0,7,process_command
 746               	.global	process_command
 747               		.type	process_command, @function
 748               	process_command:
 749               		.stabd	46,0,0
   8:src/commands.c **** {
 750               		.stabn	68,0,8,.LM18-.LFBB2
GAS LISTING /tmp/ccQK9DDL.s 			page 16


 751               	.LM18:
 752               	.LFBB2:
 753               	/* prologue: function */
 754               	/* frame size = 0 */
 755               	/* stack size = 0 */
 756               	.L__stack_usage = 0
  11:src/commands.c **** 	switch (g_usbCommand) {
 757               		.stabn	68,0,11,.LM19-.LFBB2
 758               	.LM19:
 759 008e 8091 0000 		lds r24,g_usbCommand
 760 0092 8231      		cpi r24,lo8(18)
 761 0094 01F4      		brne .+2
 762 0096 00C0      		rjmp .L11
 763 0098 00F4      		brsh .L15
 764 009a 8031      		cpi r24,lo8(16)
 765 009c 01F0      		breq .L9
 766 009e 8131      		cpi r24,lo8(17)
 767 00a0 01F0      		breq .+2
 768 00a2 00C0      		rjmp .L7
 769 00a4 00C0      		rjmp .L10
 770               	.L15:
 771 00a6 8431      		cpi r24,lo8(20)
 772 00a8 01F4      		brne .+2
 773 00aa 00C0      		rjmp .L13
 774 00ac 00F4      		brsh .+2
 775 00ae 00C0      		rjmp .L12
 776 00b0 8531      		cpi r24,lo8(21)
 777 00b2 01F0      		breq .+2
 778 00b4 00C0      		rjmp .L7
 779 00b6 00C0      		rjmp .L14
 780               	.L9:
  13:src/commands.c **** 			printf("[CMD] Set Array\r\n");
 781               		.stabn	68,0,13,.LM20-.LFBB2
 782               	.LM20:
 783 00b8 80E0      		ldi r24,lo8(.LC0)
 784 00ba 90E0      		ldi r25,hi8(.LC0)
 785 00bc 0E94 0000 		call puts
  14:src/commands.c **** 			j = min(g_usbDataLength, (3 * num_leds));
 786               		.stabn	68,0,14,.LM21-.LFBB2
 787               	.LM21:
 788 00c0 8091 0000 		lds r24,num_leds
 789 00c4 9091 0000 		lds r25,num_leds+1
 790 00c8 AC01      		movw r20,r24
 791 00ca 440F      		lsl r20
 792 00cc 551F      		rol r21
 793 00ce 2091 0000 		lds r18,g_usbDataLength
 794 00d2 3091 0000 		lds r19,g_usbDataLength+1
 795 00d6 840F      		add r24,r20
 796 00d8 951F      		adc r25,r21
 797 00da 2817      		cp r18,r24
 798 00dc 3907      		cpc r19,r25
 799 00de 00F4      		brsh .L16
 800 00e0 C901      		movw r24,r18
 801               	.L16:
  15:src/commands.c **** 			for (i = 0; i < j; i++) {
 802               		.stabn	68,0,15,.LM22-.LFBB2
 803               	.LM22:
GAS LISTING /tmp/ccQK9DDL.s 			page 17


 804 00e2 0097      		sbiw r24,0
 805 00e4 01F0      		breq .L17
 806 00e6 E0E0      		ldi r30,lo8(g_usbDataBuffer)
 807 00e8 F0E0      		ldi r31,hi8(g_usbDataBuffer)
 808 00ea A0E0      		ldi r26,lo8(data_buffer)
 809 00ec B0E0      		ldi r27,hi8(data_buffer)
   7:src/commands.c **** void process_command()
 810               		.stabn	68,0,7,.LM23-.LFBB2
 811               	.LM23:
 812 00ee 8E0F      		add r24,r30
 813 00f0 9F1F      		adc r25,r31
 814               	.L18:
  16:src/commands.c **** 				data_buffer[i] = g_usbDataBuffer[i];
 815               		.stabn	68,0,16,.LM24-.LFBB2
 816               	.LM24:
 817 00f2 2191      		ld r18,Z+
 818 00f4 2D93      		st X+,r18
  15:src/commands.c **** 			for (i = 0; i < j; i++) {
 819               		.stabn	68,0,15,.LM25-.LFBB2
 820               	.LM25:
 821 00f6 E817      		cp r30,r24
 822 00f8 F907      		cpc r31,r25
 823 00fa 01F4      		brne .L18
 824               	.L17:
  18:src/commands.c **** 			dirty = 1;
 825               		.stabn	68,0,18,.LM26-.LFBB2
 826               	.LM26:
 827 00fc 81E0      		ldi r24,lo8(1)
 828 00fe 8093 0000 		sts dirty,r24
  19:src/commands.c **** 			break;
 829               		.stabn	68,0,19,.LM27-.LFBB2
 830               	.LM27:
 831 0102 0895      		ret
 832               	.L10:
  22:src/commands.c **** 			printf("[CMD] Blackout\r\n");
 833               		.stabn	68,0,22,.LM28-.LFBB2
 834               	.LM28:
 835 0104 80E0      		ldi r24,lo8(.LC1)
 836 0106 90E0      		ldi r25,hi8(.LC1)
 837 0108 0E94 0000 		call puts
  23:src/commands.c **** 			memset(&data_buffer, 0, sizeof(data_buffer));
 838               		.stabn	68,0,23,.LM29-.LFBB2
 839               	.LM29:
 840 010c 80E4      		ldi r24,lo8(64)
 841 010e 92E0      		ldi r25,lo8(2)
 842 0110 E0E0      		ldi r30,lo8(data_buffer)
 843 0112 F0E0      		ldi r31,hi8(data_buffer)
 844 0114 DF01      		movw r26,r30
 845 0116 9C01      		movw r18,r24
 846               		0:
 847 0118 1D92      		st X+,__zero_reg__
 848 011a 2150      		subi r18,1
 849 011c 3040      		sbci r19,0
 850 011e 01F4      		brne 0b
  24:src/commands.c **** 			dirty = 1;
 851               		.stabn	68,0,24,.LM30-.LFBB2
 852               	.LM30:
GAS LISTING /tmp/ccQK9DDL.s 			page 18


 853 0120 81E0      		ldi r24,lo8(1)
 854 0122 8093 0000 		sts dirty,r24
  25:src/commands.c **** 			break;
 855               		.stabn	68,0,25,.LM31-.LFBB2
 856               	.LM31:
 857 0126 0895      		ret
 858               	.L11:
  28:src/commands.c **** 			printf("[CMD] Set all\r\n");
 859               		.stabn	68,0,28,.LM32-.LFBB2
 860               	.LM32:
 861 0128 80E0      		ldi r24,lo8(.LC2)
 862 012a 90E0      		ldi r25,hi8(.LC2)
 863 012c 0E94 0000 		call puts
  29:src/commands.c **** 			memset(&data_buffer, g_usbDataBuffer[0], sizeof(data_buffer));
 864               		.stabn	68,0,29,.LM33-.LFBB2
 865               	.LM33:
 866 0130 6091 0000 		lds r22,g_usbDataBuffer
 867 0134 40E4      		ldi r20,lo8(64)
 868 0136 52E0      		ldi r21,lo8(2)
 869 0138 70E0      		ldi r23,0
 870 013a 80E0      		ldi r24,lo8(data_buffer)
 871 013c 90E0      		ldi r25,hi8(data_buffer)
 872 013e 0E94 0000 		call memset
  30:src/commands.c **** 			dirty = 1;
 873               		.stabn	68,0,30,.LM34-.LFBB2
 874               	.LM34:
 875 0142 81E0      		ldi r24,lo8(1)
 876 0144 8093 0000 		sts dirty,r24
  31:src/commands.c **** 			break;
 877               		.stabn	68,0,31,.LM35-.LFBB2
 878               	.LM35:
 879 0148 0895      		ret
 880               	.L12:
  34:src/commands.c **** 		printf("[CMD] Set All RGB\r\n");
 881               		.stabn	68,0,34,.LM36-.LFBB2
 882               	.LM36:
 883 014a 80E0      		ldi r24,lo8(.LC3)
 884 014c 90E0      		ldi r25,hi8(.LC3)
 885 014e 0E94 0000 		call puts
  35:src/commands.c **** 			for (i = 0; i < (num_leds); i++) {
 886               		.stabn	68,0,35,.LM37-.LFBB2
 887               	.LM37:
 888 0152 2091 0000 		lds r18,num_leds
 889 0156 3091 0000 		lds r19,num_leds+1
 890 015a 2115      		cp r18,__zero_reg__
 891 015c 3105      		cpc r19,__zero_reg__
 892 015e 01F0      		breq .L19
  36:src/commands.c **** 				data_buffer[3 * i] = g_usbDataBuffer[0];
 893               		.stabn	68,0,36,.LM38-.LFBB2
 894               	.LM38:
 895 0160 6091 0000 		lds r22,g_usbDataBuffer
  37:src/commands.c **** 				data_buffer[(3 * i) + 1] = g_usbDataBuffer[1];
 896               		.stabn	68,0,37,.LM39-.LFBB2
 897               	.LM39:
 898 0164 5091 0000 		lds r21,g_usbDataBuffer+1
  38:src/commands.c **** 				data_buffer[(3 * i) + 2] = g_usbDataBuffer[2];
 899               		.stabn	68,0,38,.LM40-.LFBB2
GAS LISTING /tmp/ccQK9DDL.s 			page 19


 900               	.LM40:
 901 0168 4091 0000 		lds r20,g_usbDataBuffer+2
 902 016c E0E0      		ldi r30,lo8(data_buffer+2)
 903 016e F0E0      		ldi r31,hi8(data_buffer+2)
  35:src/commands.c **** 			for (i = 0; i < (num_leds); i++) {
 904               		.stabn	68,0,35,.LM41-.LFBB2
 905               	.LM41:
 906 0170 80E0      		ldi r24,0
 907 0172 90E0      		ldi r25,0
 908               	.L20:
   7:src/commands.c **** void process_command()
 909               		.stabn	68,0,7,.LM42-.LFBB2
 910               	.LM42:
 911 0174 DF01      		movw r26,r30
 912 0176 1297      		sbiw r26,2
  36:src/commands.c **** 				data_buffer[3 * i] = g_usbDataBuffer[0];
 913               		.stabn	68,0,36,.LM43-.LFBB2
 914               	.LM43:
 915 0178 6C93      		st X,r22
   7:src/commands.c **** void process_command()
 916               		.stabn	68,0,7,.LM44-.LFBB2
 917               	.LM44:
 918 017a DF01      		movw r26,r30
 919 017c 1197      		sbiw r26,1
  37:src/commands.c **** 				data_buffer[(3 * i) + 1] = g_usbDataBuffer[1];
 920               		.stabn	68,0,37,.LM45-.LFBB2
 921               	.LM45:
 922 017e 5C93      		st X,r21
  38:src/commands.c **** 				data_buffer[(3 * i) + 2] = g_usbDataBuffer[2];
 923               		.stabn	68,0,38,.LM46-.LFBB2
 924               	.LM46:
 925 0180 4083      		st Z,r20
  35:src/commands.c **** 			for (i = 0; i < (num_leds); i++) {
 926               		.stabn	68,0,35,.LM47-.LFBB2
 927               	.LM47:
 928 0182 0196      		adiw r24,1
 929 0184 3396      		adiw r30,3
 930 0186 8217      		cp r24,r18
 931 0188 9307      		cpc r25,r19
 932 018a 00F0      		brlo .L20
 933               	.L19:
  40:src/commands.c **** 			dirty = 1;
 934               		.stabn	68,0,40,.LM48-.LFBB2
 935               	.LM48:
 936 018c 81E0      		ldi r24,lo8(1)
 937 018e 8093 0000 		sts dirty,r24
  41:src/commands.c **** 			break;
 938               		.stabn	68,0,41,.LM49-.LFBB2
 939               	.LM49:
 940 0192 0895      		ret
 941               	.L14:
  44:src/commands.c **** 			num_leds = g_usbDataBuffer[0] + (g_usbDataBuffer[1] << 8);
 942               		.stabn	68,0,44,.LM50-.LFBB2
 943               	.LM50:
 944 0194 2091 0000 		lds r18,g_usbDataBuffer
 945 0198 9091 0000 		lds r25,g_usbDataBuffer+1
 946 019c 80E0      		ldi r24,0
GAS LISTING /tmp/ccQK9DDL.s 			page 20


 947 019e 820F      		add r24,r18
 948 01a0 911D      		adc r25,__zero_reg__
 949 01a2 8093 0000 		sts num_leds,r24
 950 01a6 9093 0000 		sts num_leds+1,r25
  45:src/commands.c **** 			identify();
 951               		.stabn	68,0,45,.LM51-.LFBB2
 952               	.LM51:
 953 01aa 0E94 0000 		call identify
  46:src/commands.c **** 			break;
 954               		.stabn	68,0,46,.LM52-.LFBB2
 955               	.LM52:
 956 01ae 0895      		ret
 957               	.L13:
  52:src/commands.c **** 			printf("[CMD] Identify\r\n");
 958               		.stabn	68,0,52,.LM53-.LFBB2
 959               	.LM53:
 960 01b0 80E0      		ldi r24,lo8(.LC4)
 961 01b2 90E0      		ldi r25,hi8(.LC4)
 962 01b4 0E94 0000 		call puts
  53:src/commands.c **** 			identify();
 963               		.stabn	68,0,53,.LM54-.LFBB2
 964               	.LM54:
 965 01b8 0E94 0000 		call identify
 966               	.L7:
 967 01bc 0895      		ret
 968               		.size	process_command, .-process_command
 969               		.stabs	"i:r(11,4)",64,0,9,24
 970               		.stabs	"j:r(11,4)",64,0,9,24
 971               		.stabn	192,0,0,.LFBB2-.LFBB2
 972               		.stabn	224,0,0,.Lscope2-.LFBB2
 973               	.Lscope2:
 974               		.stabs	"",36,0,0,.Lscope2-.LFBB2
 975               		.stabd	78,0,0
 976               		.comm	COMMAND_TYPE,1,1
 977               		.comm	g_usbDataBuffer,586,1
 978               		.comm	g_usbDataCount,2,1
 979               		.comm	g_usbDataLength,2,1
 980               		.comm	g_usbCommand,1,1
 981               		.comm	g_cmdState,1,1
 982               		.comm	dirty,1,1
 983               		.comm	data_pointer,2,1
 984               		.comm	back_buffer,576,1
 985               		.comm	data_buffer,576,1
 986               		.comm	num_bytes,2,1
 987               		.comm	num_leds,2,1
 988               		.comm	ticks,8,1
 989               		.comm	g_address,1,1
 990               		.comm	USB_STATE,1,1
 991               		.stabs	"USB_STATE:G(47,1)",32,0,13,0
 992               		.stabs	"g_address:G(11,2)",32,0,19,0
 993               		.stabs	"ticks:G(11,8)",32,0,21,0
 994               		.stabs	"num_leds:G(11,4)",32,0,26,0
 995               		.stabs	"num_bytes:G(11,4)",32,0,28,0
 996               		.stabs	"data_buffer:G(0,16)=ar(13,4);0;575;(11,2)",32,0,29,0
 997               		.stabs	"back_buffer:G(0,16)",32,0,30,0
 998               		.stabs	"data_pointer:G(0,17)=*(0,16)",32,0,31,0
 999               		.stabs	"dirty:G(12,2)",32,0,33,0
GAS LISTING /tmp/ccQK9DDL.s 			page 21


 1000               		.stabs	"g_cmdState:G(11,2)",32,0,40,0
 1001               		.stabs	"g_usbCommand:G(11,2)",32,0,41,0
 1002               		.stabs	"g_usbDataLength:G(11,4)",32,0,42,0
 1003               		.stabs	"g_usbDataCount:G(11,4)",32,0,43,0
 1004               		.stabs	"g_usbDataBuffer:G(0,18)=ar(13,4);0;585;(11,2)",32,0,44,0
 1005               		.stabs	"COMMAND_TYPE:G(48,1)",32,0,15,0
 1006               		.stabs	"",100,0,0,.Letext0
 1007               	.Letext0:
 1008               		.ident	"GCC: (GNU) 4.7.0"
 1009               	.global __do_copy_data
 1010               	.global __do_clear_bss
GAS LISTING /tmp/ccQK9DDL.s 			page 22


DEFINED SYMBOLS
                            *ABS*:0000000000000000 commands.c
     /tmp/ccQK9DDL.s:2      *ABS*:000000000000003e __SP_H__
     /tmp/ccQK9DDL.s:3      *ABS*:000000000000003d __SP_L__
     /tmp/ccQK9DDL.s:4      *ABS*:000000000000003f __SREG__
     /tmp/ccQK9DDL.s:5      *ABS*:0000000000000034 __CCP__
     /tmp/ccQK9DDL.s:6      *ABS*:0000000000000000 __tmp_reg__
     /tmp/ccQK9DDL.s:7      *ABS*:0000000000000001 __zero_reg__
     /tmp/ccQK9DDL.s:607    .text:0000000000000000 identify
                            *COM*:0000000000000240 data_buffer
                            *COM*:0000000000000002 num_leds
                            *COM*:0000000000000001 g_address
                            *COM*:0000000000000001 dirty
     /tmp/ccQK9DDL.s:748    .text:000000000000008e process_command
                            *COM*:0000000000000001 g_usbCommand
                            *COM*:0000000000000002 g_usbDataLength
                            *COM*:000000000000024a g_usbDataBuffer
                            *COM*:0000000000000001 COMMAND_TYPE
                            *COM*:0000000000000002 g_usbDataCount
                            *COM*:0000000000000001 g_cmdState
                            *COM*:0000000000000002 data_pointer
                            *COM*:0000000000000240 back_buffer
                            *COM*:0000000000000002 num_bytes
                            *COM*:0000000000000008 ticks
                            *COM*:0000000000000001 USB_STATE

UNDEFINED SYMBOLS
puts
memset
__do_copy_data
__do_clear_bss
